[2026-03-28T08:16:18.934Z] [INFO] Checking system dependencies... 
[2026-03-28T08:16:18.942Z] [INFO]   ✓ pdfinfo found at /usr/bin/pdfinfo 
[2026-03-28T08:16:18.944Z] [WARN]   - pdf2html not found (optional) 
[2026-03-28T08:16:18.946Z] [INFO]   ✓ pdftohtml found at /usr/bin/pdftohtml 
[2026-03-28T08:16:18.949Z] [WARN]   - pdf2htmlEX not found (optional) 
[2026-03-28T08:16:18.949Z] [INFO] Using tool: pdftohtml 
[2026-03-28T08:16:18.949Z] [INFO] Input: /home/stefan/Projects/ecudocs.com/src/content/pdfs 
[2026-03-28T08:16:18.949Z] [INFO] Output: /home/stefan/Projects/ecudocs.com/src/content/pdf-html 
[2026-03-28T08:16:18.949Z] [INFO] Parallel workers: 1 
[2026-03-28T08:16:18.950Z] [INFO] Found 253 PDF files 
[2026-03-28T08:16:18.978Z] [INFO] Converting -E90-Driver-Info-Systems.qxd (66 pages)... 
[2026-03-28T08:16:20.132Z] [INFO] Converting 01-Basic-Measuring-Techniques.qxd (25 pages)... 
[2026-03-28T08:16:20.604Z] [INFO] Converting 01-Brake-Systems (74 pages)... 
[2026-03-28T08:16:22.250Z] [INFO] Converting 01-Brake-Systems_1 (72 pages)... 
[2026-03-28T08:16:23.615Z] [INFO] Converting 01-Brake-Systems_1_2 (2 pages)... 
[2026-03-28T08:16:23.685Z] [INFO] Converting 01-E70-LCI (16 pages)... 
[2026-03-28T08:16:23.924Z] [INFO] Converting 01-E70-LCI_1 (19 pages)... 
[2026-03-28T08:16:24.489Z] [INFO] Converting 01-E70-LCI_1_2 (16 pages)... 
[2026-03-28T08:16:24.732Z] [INFO] Converting 01-E90-Complete-Vehicle.qxd (29 pages)... 
[2026-03-28T08:16:25.158Z] [INFO] Converting 01-M-Heritage (26 pages)... 
[2026-03-28T08:16:25.643Z] [INFO] Converting 02a-Multiple-Restraint-Systems.qxd (53 pages)... 
[2026-03-28T08:16:26.417Z] [INFO] Converting 02b-E90-Multiple-Restraint-System-5.qxd (22 pages)... 
[2026-03-28T08:16:26.725Z] [INFO] Converting 06a-E90-General-Vehicle-Electrical.qxd (114 pages)... 
[2026-03-28T08:16:28.464Z] [INFO] Converting 06b-E90-General-Vehicle-Electrical-II.qxd (79 pages)... 
[2026-03-28T08:16:29.676Z] [INFO] Converting 1-complete-vehicle.qxd (22 pages)... 
[2026-03-28T08:16:30.034Z] [INFO] Converting 12-E46-M3-Running-Gear.qxd (15 pages)... 
[2026-03-28T08:16:30.228Z] [INFO] Converting AutoManual-Vehicle-Specs-Interior-Exterior-Systems (21 pages)... 
[2026-03-28T08:16:30.679Z] [INFO] Converting AutomatedVehicleSystemsOverview-04-07 (27 pages)... 
[2026-03-28T08:16:31.040Z] [INFO] Converting B46-Engine (150 pages)... 
[2026-03-28T08:16:33.290Z] [INFO] Converting BMW-3-Series-LCI-Technical-Training-Manual (36 pages)... 
[2026-03-28T08:16:33.797Z] [INFO] Converting BMW-B46TU-B48TU-Engines-Technical-Training-April-2017 (40 pages)... 
[2026-03-28T08:16:34.374Z] [INFO] Converting BMW-B57-Engine-Training-Manual-June-2015 (190 pages)... 
[2026-03-28T08:16:37.372Z] [INFO] Converting BMW-B58-Engine-Training-Manual-April-2015 (76 pages)... 
[2026-03-28T08:16:38.470Z] [INFO] Converting BMW-Driver-Assistance-Systems-2018 (64 pages)... 
[2026-03-28T08:16:39.388Z] [INFO] Converting BMW-F10-Chassis-Dynamics-Service-Manual (64 pages)... 
[2026-03-28T08:16:40.376Z] [INFO] Converting BMW-F10-DAS-General-Information-Nov-2009 (60 pages)... 
[2026-03-28T08:16:41.306Z] [INFO] Converting BMW-F10-Displays-Indicators-Controls-Service-Manual-December2009 (14 pages)... 
[2026-03-28T08:16:41.532Z] [INFO] Converting BMW-F10-Gen-VE-Symbols-Guide-Dec2009 (76 pages)... 
[2026-03-28T08:16:42.695Z] [INFO] Converting BMW-F10-Passive-Safety-Systems-Manual (36 pages)... 
[2026-03-28T08:16:43.250Z] [INFO] Converting BMW-F10-Powertrain-Service-Manual-December-2009 (34 pages)... 
[2026-03-28T08:16:43.768Z] [INFO] Converting BMW-F10-Service-Manual-Entertainment-Communication-December2009 (34 pages)... 
[2026-03-28T08:16:44.276Z] [INFO] Converting BMW-F22-F23-F87-LCI-TechnicalTraining-March2017 (36 pages)... 
[2026-03-28T08:16:44.776Z] [INFO] Converting BMW-F23-Complete-Vehicle-Technical-Training-September-2014 (68 pages)... 
[2026-03-28T08:16:45.724Z] [INFO] Converting BMW-F25-LCI-F26-Complete-Vehicle-Technical-Training-March-2014 (50 pages)... 
[2026-03-28T08:16:46.404Z] [INFO] Converting BMW-F33-Complete-Vehicle-Training-Manual-November2013 (50 pages)... 
[2026-03-28T08:16:47.091Z] [INFO] Converting BMW-F34-Complete-Vehicle-Technical-Training-March2013 (40 pages)... 
[2026-03-28T08:16:47.659Z] [INFO] Converting BMW-F34-LCI-TechnicalTraining-Manual (40 pages)... 
[2026-03-28T08:16:48.217Z] [INFO] Converting BMW-F39-Complete-Vehicle-Training-Manual-Oct2017 (56 pages)... 
[2026-03-28T08:16:49.007Z] [INFO] Converting BMW-F85-F86-Training-Manual-November-2014 (76 pages)... 
[2026-03-28T08:16:50.072Z] [INFO] Converting BMW-F90-Training-Manual-September-2017 (156 pages)... 
[2026-03-28T08:16:52.392Z] [INFO] Converting BMW-G02-Complete-Vehicle-Training-Manual (42 pages)... 
[2026-03-28T08:16:53.045Z] [INFO] Converting BMW-G05-Driver-Assistance-Systems-July2018 (46 pages)... 
[2026-03-28T08:16:53.744Z] [INFO] Converting BMW-G05-GeneralVehicleElectronics-TrainingManual-July2018 (148 pages)... 
[2026-03-28T08:16:55.945Z] [INFO] Converting BMW-G05-Infotainment-Technical-Training-July2018 (48 pages)... 
[2026-03-28T08:16:56.619Z] [INFO] Converting BMW-G12-LCI-PHEV-High-voltage-Battery-Training-Manual-November-2018 (28 pages)... 
[2026-03-28T08:16:57.018Z] [INFO] Converting BMW-G12-LCI-PHEV-High-voltage-Components-Technical-Training (46 pages)... 
[2026-03-28T08:16:57.686Z] [INFO] Converting BMW-G12-LCI-Training-Manual-January-2019 (54 pages)... 
[2026-03-28T08:16:58.496Z] [INFO] Converting BMW-G14-Technical-Training-November-2018 (50 pages)... 
[2026-03-28T08:16:59.221Z] [INFO] Converting BMW-G15-Displays-Controls-Technical-Training-June-2018 (30 pages)... 
[2026-03-28T08:16:59.695Z] [INFO] Converting BMW-G15-Driver-Assistance-Systems-June2018 (44 pages)... 
[2026-03-28T08:17:00.398Z] [INFO] Converting BMW-G15-General-Vehicle-Electronics-Training-Manual-June2018 (86 pages)... 
[2026-03-28T08:17:01.603Z] [INFO] Converting BMW-G15-Infotainment-Technical-Training-June2018 (42 pages)... 
[2026-03-28T08:17:02.192Z] [INFO] Converting BMW-G15-Training-Manual-June2018 (74 pages)... 
[2026-03-28T08:17:03.259Z] [INFO] Converting BMW-G29-GeneralVehicleElectronics-TechnicalTraining-October2018 (48 pages)... 
[2026-03-28T08:17:03.951Z] [INFO] Converting BMW-G30-PHEV-Update-March2019 (30 pages)... 
[2026-03-28T08:17:04.367Z] [INFO] Converting BMW-General-Vehicle-Electronics-2018-Training-Manual (56 pages)... 
[2026-03-28T08:17:05.136Z] [INFO] Converting BMW-Infotainment-2016-Technical-Training-Guide (58 pages)... 
[2026-03-28T08:17:05.942Z] [INFO] Converting BMW-Infotainment-2018-Technical-Training-Manual (78 pages)... 
[2026-03-28T08:17:07.070Z] [INFO] Converting BMW-Model-Identification-Guide-06-08 (82 pages)... 
[2026-03-28T08:17:08.435Z] [INFO] Converting BMW-N47TU-Engine-TechnicalTraining-Manual (122 pages)... 
[2026-03-28T08:17:11.240Z] [INFO] Converting BMW-N57TU-Engine-Technical-Training-Manual (110 pages)... 
[2026-03-28T08:17:13.923Z] [INFO] Converting BMW-N63TU2-Engine-TechnicalTraining-May2015 (134 pages)... 
[2026-03-28T08:17:15.867Z] [INFO] Converting BMW-N63TU3-Engine-TechnicalTraining-July2018 (54 pages)... 
[2026-03-28T08:17:16.624Z] [INFO] Converting BMW-N74TU-Engine-Technical-Training-Manual-June-2016 (84 pages)... 
[2026-03-28T08:17:17.824Z] [INFO] Converting BMW-N74TU2-Engine-Technical-Training-November-2018 (28 pages)... 
[2026-03-28T08:17:18.209Z] [INFO] Converting BMW-RDC-Tool-Technical-Training-Nov2018 (38 pages)... 
[2026-03-28T08:17:18.770Z] [INFO] Converting BMW-S55-Engine-BV-72-Training-Manual-March-2014 (120 pages)... 
[2026-03-28T08:17:20.522Z] [INFO] Converting BMW-S58-Engine-Training-Manual-February-2019 (102 pages)... 
[2026-03-28T08:17:21.957Z] [INFO] Converting BMW-SCR3-US-Training-Manual-Sept2016 (86 pages)... 
[2026-03-28T08:17:23.119Z] [INFO] Converting BMW-SP41-High-Voltage-Battery-Training-March2019 (32 pages)... 
[2026-03-28T08:17:23.566Z] [INFO] Converting BMW-SeriesIdentification-Table-06-08 (52 pages)... 
[2026-03-28T08:17:24.445Z] [INFO] Converting BMW-Service-Displays-Controls-2018-Training-Manual (42 pages)... 
[2026-03-28T08:17:25.037Z] [INFO] Converting BMW-Service-Headunit-High-Manual-March2012 (106 pages)... 
[2026-03-28T08:17:26.603Z] [INFO] Converting BMW-Service-Manual-02-06 (40 pages)... 
[2026-03-28T08:17:27.413Z] [INFO] Converting BMW-Suspension-Systems.qxd (40 pages)... 
[2026-03-28T08:17:28.159Z] [INFO] Converting BMW-Technician-Manual-v2.06 (40 pages)... 
[2026-03-28T08:17:28.905Z] [INFO] Converting BMW-X3-2018-Technical-Specifications (60 pages)... 
[2026-03-28T08:17:30.129Z] [INFO] Converting BWM-B58TU-Engine-TechnicalTraining-July2018 (40 pages)... 
[2026-03-28T08:17:30.708Z] [INFO] Converting BWM-F80F82-Complete-Vehicle-Technical-Training-March2014 (114 pages)... 
[2026-03-28T08:17:32.376Z] [INFO] Converting Basic-DiagnosticCertification-BDC (4 pages)... 
[2026-03-28T08:17:32.456Z] [INFO] Converting Basic-Measuring-Techniques-New-07-01-Basic-Measuring-Techniques.qxd (36 pages)... 
[2026-03-28T08:17:32.989Z] [INFO] Converting Basic-Measuring-Techniques-New-07-01-Basic-Measuring-Techniques.qxd_1 (30 pages)... 
[2026-03-28T08:17:33.572Z] [INFO] Converting Basic-Measuring-Techniques-New-07-01-Basic-Measuring-Techniques.qxd_1_2 (8 pages)... 
[2026-03-28T08:17:33.744Z] [INFO] Converting Basic-Measuring-Techniques-New-07-01-Basic-Measuring-Techniques.qxd_1_2_3 (48 pages)... 
[2026-03-28T08:17:34.682Z] [INFO] Converting Basic-Measuring-Techniques-New-07-01-Basic-Measuring-Techniques.qxd_1_2_3_4 (134 pages)... 
[2026-03-28T08:17:36.716Z] [INFO] Converting Basic-Measuring-Techniques-New-07-01-Basic-Measuring-Techniques.qxd_1_2_3_4_5 (78 pages)... 
[2026-03-28T08:17:37.917Z] [INFO] Converting Basic-Measuring-Techniques-New-07-01-Basic-Measuring-Techniques.qxd_1_2_3_4_5_6 (62 pages)... 
[2026-03-28T08:17:39.276Z] [INFO] Converting Basic-Measuring-Techniques-New-07-01-Basic-Measuring-Techniques.qxd_1_2_3_4_5_6_7 (50 pages)... 
[2026-03-28T08:17:40.170Z] [INFO] Converting Basic-Suspension-Geometry.qxd (19 pages)... 
[2026-03-28T08:17:40.459Z] [INFO] Converting Byteflight-Safety-Systems.qxd (111 pages)... 
[2026-03-28T08:17:42.073Z] [INFO] Converting CompleteVehicleG05TrainingManual-BMWNA-2018 (1 pages)... 
[2026-03-28T08:17:42.110Z] [INFO] Converting E60-M5-E64-M6-Automatic-Soft-Close-Function-Guide (9 pages)... 
[2026-03-28T08:17:42.297Z] [INFO] Converting E90-Climate-Control.qxd (27 pages)... 
[2026-03-28T08:17:42.683Z] [INFO] Converting E90-Dynamic-Driving-Systems.qxd (55 pages)... 
[2026-03-28T08:17:43.392Z] [INFO] Converting E90-Entertain-and-Communication.qxd (41 pages)... 
[2026-03-28T08:17:44.042Z] [INFO] Converting E90-Multiple-Restraint-System-5.qxd (22 pages)... 
[2026-03-28T08:17:44.355Z] [INFO] Converting E90-Powertrain.qxd (18 pages)... 
[2026-03-28T08:17:44.637Z] [INFO] Converting E90-Suspension--Chassis.qxd (17 pages)... 
[2026-03-28T08:17:44.872Z] [INFO] Converting E90-Voltage-Supply-and-Bus.qxd (46 pages)... 
[2026-03-28T08:17:45.586Z] [INFO] Converting E9x-3-Series-(non-M)-Wheel--Tire-Fitment-Guide--APEX-Race-Parts (9 pages)... 
[2026-03-28T08:17:45.747Z] [INFO] Converting EE-Overview (26 pages)... 
[2026-03-28T08:17:46.278Z] [INFO] Converting EE-Overview_1 (44 pages)... 
[2026-03-28T08:17:47.027Z] [INFO] Converting EE-Overview_1_2 (74 pages)... 
[2026-03-28T08:17:48.584Z] [INFO] Converting EE-Overview_1_2_3 (44 pages)... 
[2026-03-28T08:17:49.890Z] [INFO] Converting EE-Overview_1_2_3_4 (62 pages)... 
[2026-03-28T08:17:51.244Z] [INFO] Converting EE-Overview_1_2_3_4_5 (66 pages)... 
[2026-03-28T08:17:52.596Z] [INFO] Converting EE-Overview_1_2_3_4_5_6 (34 pages)... 
[2026-03-28T08:17:53.333Z] [INFO] Converting EE-Overview_1_2_3_4_5_6_7 (18 pages)... 
[2026-03-28T08:17:53.823Z] [INFO] Converting EE-Overview_1_2_3_4_5_6_7_8 (58 pages)... 
[2026-03-28T08:17:54.938Z] [INFO] Converting EE-Overview_1_2_3_4_5_6_7_8_9 (18 pages)... 
[2026-03-28T08:17:55.269Z] [INFO] Converting EE-Overview_1_2_3_4_5_6_7_8_9_10 (12 pages)... 
[2026-03-28T08:17:55.496Z] [INFO] Converting Engine-Diagnosis.qxd (37 pages)... 
[2026-03-28T08:17:56.216Z] [INFO] Converting F01H-F02H-Complete-Vehicle.pdf (24 pages)... 
[2026-03-28T08:17:56.575Z] [INFO] Converting F04-Complete-Vehicle-Technical-Training-Manual-v2010 (130 pages)... 
[2026-03-28T08:17:58.594Z] [INFO] Converting F07-Complete-Vehicle (124 pages)... 
[2026-03-28T08:18:00.733Z] [INFO] Converting F07-Complete-Vehicle_1_2 (124 pages)... 
[2026-03-28T08:18:02.850Z] [INFO] Converting F10H-Complete-Vehicle.pdf (166 pages)... 
[2026-03-28T08:18:04.934Z] [ERROR] Failed to process F10H-Complete-Vehicle.pdf.pdf: Invalid count value: -1 
[2026-03-28T08:18:04.957Z] [INFO] Converting F30-PHEV-HV-Battery-Unit (72 pages)... 
[2026-03-28T08:18:05.974Z] [INFO] Converting F30-PHEV-HV-Components (198 pages)... 
[2026-03-28T08:18:08.163Z] [ERROR] Failed to process F30-PHEV-HV-Components.pdf: Invalid count value: -1 
[2026-03-28T08:18:08.187Z] [INFO] Converting F30H-Complete-Vehicle.pdf (106 pages)... 
[2026-03-28T08:18:09.775Z] [INFO] Converting F48-Chassis-and-Suspension (42 pages)... 
[2026-03-28T08:18:10.359Z] [INFO] Converting F48-Displays-and-Controls (22 pages)... 
[2026-03-28T08:18:10.695Z] [INFO] Converting F48-Driver-Assistance-Systems (48 pages)... 
[2026-03-28T08:18:11.371Z] [INFO] Converting F48-General-Vehicle-Electronics (80 pages)... 
[2026-03-28T08:18:12.550Z] [INFO] Converting F48-Information-and-Communication (36 pages)... 
[2026-03-28T08:18:13.054Z] [INFO] Converting F48-Introduction (28 pages)... 
[2026-03-28T08:18:13.430Z] [INFO] Converting F48-Introduction_1 (2 pages)... 
[2026-03-28T08:18:13.476Z] [INFO] Converting F48-Passive-Safety-Systems (34 pages)... 
[2026-03-28T08:18:13.984Z] [INFO] Converting F48-Powertrain (38 pages)... 
[2026-03-28T08:18:14.540Z] [INFO] Converting F82-GTS-Complete-Vehicle (90 pages)... 
[2026-03-28T08:18:16.020Z] [INFO] Converting F87-Complete-Vehicle (70 pages)... 
[2026-03-28T08:18:17.035Z] [INFO] Converting FB-E70-N52KP-MSV80-MY2007-en-only.pdf (73 pages)... 
[2026-03-28T08:18:19.829Z] [INFO] Converting FBMW-F10-Service-Manual-December-2009 (42 pages)... 
[2026-03-28T08:18:20.481Z] [INFO] Converting Features-and-Technology-07-18-Design-Revision (66 pages)... 
[2026-03-28T08:18:21.852Z] [INFO] Converting Fundamentals-of-Coding-and-Programming-05-06 (22 pages)... 
[2026-03-28T08:18:22.316Z] [INFO] Converting G05-Displays-Controls-Technical-Training-July-2018 (34 pages)... 
[2026-03-28T08:18:22.789Z] [INFO] Converting G12-Audio-Systems (72 pages)... 
[2026-03-28T08:18:23.815Z] [INFO] Converting G12-Chassis-and-Suspension (118 pages)... 
[2026-03-28T08:18:25.509Z] [INFO] Converting G12-Chassis-and-Suspension_1 (118 pages)... 
[2026-03-28T08:18:27.203Z] [INFO] Converting G12-Climate-Control-Systems (30 pages)... 
[2026-03-28T08:18:27.627Z] [INFO] Converting G12-Climate-Control_1 (30 pages)... 
[2026-03-28T08:18:28.058Z] [INFO] Converting G12-Displays-and-Controls (84 pages)... 
[2026-03-28T08:18:29.282Z] [INFO] Converting G12-Driver-Assistance-Systems (158 pages)... 
[2026-03-28T08:18:31.026Z] [ERROR] Failed to process G12-Driver-Assistance-Systems.pdf: Invalid count value: -1 
[2026-03-28T08:18:31.052Z] [INFO] Converting G12-General-Vehicle-Electronics (80 pages)... 
[2026-03-28T08:18:32.136Z] [INFO] Converting G12-General-Vehicle-Electronics_1 (176 pages)... 
[2026-03-28T08:18:33.836Z] [ERROR] Failed to process G12-General-Vehicle-Electronics_1.pdf: Invalid count value: -1 
[2026-03-28T08:18:33.859Z] [INFO] Converting G12-General-Vehicle-Electronics_1_2 (80 pages)... 
[2026-03-28T08:18:34.964Z] [INFO] Converting G12-Introduction (62 pages)... 
[2026-03-28T08:18:35.826Z] [INFO] Converting G12-Introduction_1 (2 pages)... 
[2026-03-28T08:18:35.871Z] [INFO] Converting G12-Introduction_1_2 (62 pages)... 
[2026-03-28T08:18:36.737Z] [INFO] Converting G12-LCI-PHEV-Complete-Vehicle-Training-Manual-2019 (1 pages)... 
[2026-03-28T08:18:36.773Z] [INFO] Converting G12-Navigation (48 pages)... 
[2026-03-28T08:18:37.584Z] [INFO] Converting G12-Passive-Safety-Systems (42 pages)... 
[2026-03-28T08:18:38.160Z] [INFO] Converting G12-Passive-Safety-Systems_1 (46 pages)... 
[2026-03-28T08:18:38.778Z] [INFO] Converting G12-Powertrain (112 pages)... 
[2026-03-28T08:18:40.259Z] [ERROR] Failed to process G12-Powertrain.pdf: Invalid count value: -1 
[2026-03-28T08:18:40.286Z] [INFO] Converting G12-Powertrain_1 (112 pages)... 
[2026-03-28T08:18:41.800Z] [ERROR] Failed to process G12-Powertrain_1.pdf: Invalid count value: -1 
[2026-03-28T08:18:41.824Z] [INFO] Converting G12-Rear-Seat-Entertainment (40 pages)... 
[2026-03-28T08:18:42.398Z] [INFO] Converting G12-Telephone (64 pages)... 
[2026-03-28T08:18:43.338Z] [INFO] Converting G12-Voltage-Supply-and-Bus-Systems (78 pages)... 
[2026-03-28T08:18:44.457Z] [INFO] Converting G12-Voltage-Supply-and-Bus-Systems_1 (78 pages)... 
[2026-03-28T08:18:45.555Z] [INFO] Converting G30-Chassis-and-Suspension (66 pages)... 
[2026-03-28T08:18:46.503Z] [INFO] Converting G30-Climate-Control (12 pages)... 
[2026-03-28T08:18:46.676Z] [INFO] Converting G30-Displays-and-Controls (32 pages)... 
[2026-03-28T08:18:47.105Z] [INFO] Converting G30-Driver-Assistance-Systems (138 pages)... 
[2026-03-28T08:18:48.506Z] [ERROR] Failed to process G30-Driver-Assistance-Systems.pdf: Invalid count value: -1 
[2026-03-28T08:18:48.531Z] [INFO] Converting G30-General-Vehicle-Electronics (58 pages)... 
[2026-03-28T08:18:49.333Z] [INFO] Converting G30-Infotainment (34 pages)... 
[2026-03-28T08:18:49.808Z] [INFO] Converting G30-Introduction-and-Body (32 pages)... 
[2026-03-28T08:18:50.269Z] [INFO] Converting G30-Navigation (24 pages)... 
[2026-03-28T08:18:50.620Z] [INFO] Converting G30-Passive-Safety-Systems (46 pages)... 
[2026-03-28T08:18:51.263Z] [INFO] Converting G30-Powertrain (50 pages)... 
[2026-03-28T08:18:52.027Z] [INFO] Converting G30-Telephone-and-Telematics (32 pages)... 
[2026-03-28T08:18:52.480Z] [INFO] Converting G30-Voltage-Supply-and-Bus-Systems (78 pages)... 
[2026-03-28T08:18:53.658Z] [INFO] Converting G32-Complete-Vehicle-BMW-Training-Manual-June2017 (44 pages)... 
[2026-03-28T08:18:54.276Z] [INFO] Converting Glossary.qxd (20 pages)... 
[2026-03-28T08:18:54.551Z] [INFO] Converting HDRadio-Operation-Guide-v1.0 (5 pages)... 
[2026-03-28T08:18:54.632Z] [INFO] Converting High-Beam-Assistant (22 pages)... 
[2026-03-28T08:18:54.958Z] [INFO] Converting ICOM-Integrated-Communication-Optical-Module-Manual (16 pages)... 
[2026-03-28T08:18:55.251Z] [INFO] Converting IMIB-Integrated-Measurement-Interface-Box-Manual (8 pages)... 
[2026-03-28T08:18:55.386Z] [INFO] Converting ISIS-Rack-Cabinet-Manual (24 pages)... 
[2026-03-28T08:18:55.901Z] [INFO] Converting IntegratedServiceAccessPoint-Introduction-3 (4 pages)... 
[2026-03-28T08:18:55.974Z] [INFO] Converting Intro-to-Passive-Safety.qxd (16 pages)... 
[2026-03-28T08:18:56.203Z] [INFO] Converting Introduction-NewProgrammingSystem-01-09 (60 pages)... 
[2026-03-28T08:18:57.099Z] [INFO] Converting Introduction-to-Chassis-Dynamics.qxd (72 pages)... 
[2026-03-28T08:18:58.461Z] [INFO] Converting Introduction-to-Chassis-Dynamics.qxd_1 (42 pages)... 
[2026-03-28T08:18:59.180Z] [INFO] Converting Introduction-to-Chassis-Dynamics.qxd_1_2 (16 pages)... 
[2026-03-28T08:18:59.547Z] [INFO] Converting Introduction-to-Chassis-Dynamics.qxd_1_2_3 (92 pages)... 
[2026-03-28T08:19:00.789Z] [ERROR] Failed to process Introduction-to-Chassis-Dynamics.qxd_1_2_3.pdf: Invalid count value: -1 
[2026-03-28T08:19:00.816Z] [INFO] Converting Introduction-to-Chassis-Dynamics.qxd_1_2_3_4 (182 pages)... 
[2026-03-28T08:19:02.219Z] [ERROR] Failed to process Introduction-to-Chassis-Dynamics.qxd_1_2_3_4.pdf: Invalid count value: -1 
[2026-03-28T08:19:02.246Z] [INFO] Converting Introduction-to-Chassis-Dynamics.qxd_1_2_3_4_5 (64 pages)... 
[2026-03-28T08:19:03.469Z] [INFO] Converting Introduction-to-Chassis-Dynamics.qxd_1_2_3_4_5_6 (64 pages)... 
[2026-03-28T08:19:04.573Z] [INFO] Converting Introduction-to-Chassis-Dynamics.qxd_1_2_3_4_5_6_7 (28 pages)... 
[2026-03-28T08:19:05.127Z] [INFO] Converting LaneDepartureWarningSystem-Overview-04-07 (35 pages)... 
[2026-03-28T08:19:05.612Z] [INFO] Converting M-Engines-S62B50-Technical-Overview (26 pages)... 
[2026-03-28T08:19:06.049Z] [INFO] Converting MSV70-Engine-Electronics.qxd (67 pages)... 
[2026-03-28T08:19:07.308Z] [ERROR] Failed to process MSV70-Engine-Electronics.qxd.pdf: Invalid count value: -1 
[2026-03-28T08:19:07.331Z] [INFO] Converting Microsoft-Word---Lifetime-Maintenance-Schedule-v03.13 (46 pages)... 
[2026-03-28T08:19:08.506Z] [INFO] Converting Multimeter-DisplayRange-Oscilloscope-Settings-30April2023 (42 pages)... 
[2026-03-28T08:19:09.152Z] [INFO] Converting N52-Engine.qxd (63 pages)... 
[2026-03-28T08:19:10.187Z] [INFO] Converting N55-Engine (100 pages)... 
[2026-03-28T08:19:11.221Z] [ERROR] Failed to process N55-Engine.pdf: Invalid count value: -1 
[2026-03-28T08:19:11.244Z] [INFO] Converting N62-Engine-Update.qxd (16 pages)... 
[2026-03-28T08:19:11.493Z] [INFO] Converting N74-Engine (51 pages)... 
[2026-03-28T08:19:12.322Z] [INFO] Converting Principles-of-Hybrid-Technology.pdf (124 pages)... 
[2026-03-28T08:19:13.232Z] [ERROR] Failed to process Principles-of-Hybrid-Technology.pdf.pdf: Invalid count value: -1 
[2026-03-28T08:19:13.257Z] [INFO] Converting PuMA-Production-Measures-Management-Aftersales (16 pages)... 
[2026-03-28T08:19:13.506Z] [INFO] Converting Road-Force-Balancing.qxd (25 pages)... 
[2026-03-28T08:19:13.895Z] [INFO] Converting Rollover-Protection-Systems.qxd (27 pages)... 
[2026-03-28T08:19:14.356Z] [INFO] Converting SMG-II.pdf (47 pages)... 
[2026-03-28T08:19:15.090Z] [INFO] Converting ST1313-Cover-RM-2-ST1212-Cover-RM (16 pages)... 
[2026-03-28T08:19:15.368Z] [INFO] Converting ST1401-Cover-RM.qxd (2 pages)... 
[2026-03-28T08:19:15.435Z] [INFO] Converting ST1412-Cover-RM-ST1412-Cover-RM (2 pages)... 
[2026-03-28T08:19:15.508Z] [INFO] Converting ST1600-Cover (2 pages)... 
[2026-03-28T08:19:15.565Z] [INFO] Converting ST1604-Cover (2 pages)... 
[2026-03-28T08:19:15.617Z] [INFO] Converting ST1607-Cover-RM-ST1201-Cover-RM.qxd (72 pages)... 
[2026-03-28T08:19:16.369Z] [ERROR] Failed to process ST1607-Cover-RM-ST1201-Cover-RM.qxd.pdf: Invalid count value: -1 
[2026-03-28T08:19:16.395Z] [INFO] Converting ST1607-Cover-RM-ST1201-Cover-RM.qxd_1 (198 pages)... 
[2026-03-28T08:19:17.185Z] [ERROR] Failed to process ST1607-Cover-RM-ST1201-Cover-RM.qxd_1.pdf: Invalid count value: -1 
[2026-03-28T08:19:17.208Z] [INFO] Converting ST1607-Cover-RM-ST1201-Cover-RM.qxd_1_2 (2 pages)... 
[2026-03-28T08:19:17.280Z] [INFO] Converting ST1701-Cover.qxd (50 pages)... 
[2026-03-28T08:19:17.949Z] [ERROR] Failed to process ST1701-Cover.qxd.pdf: Invalid count value: -1 
[2026-03-28T08:19:17.971Z] [INFO] Converting ST1701-Cover.qxd_1 (12 pages)... 
[2026-03-28T08:19:18.153Z] [INFO] Converting ST1701-Cover.qxd_1_2 (22 pages)... 
[2026-03-28T08:19:18.502Z] [INFO] Converting ST1701-Cover.qxd_1_2_3 (138 pages)... 
[2026-03-28T08:19:40.828Z] [INFO] Checking system dependencies... 
[2026-03-28T08:19:40.836Z] [INFO]   ✓ pdfinfo found at /usr/bin/pdfinfo 
[2026-03-28T08:19:40.838Z] [WARN]   - pdf2html not found (optional) 
[2026-03-28T08:19:40.840Z] [INFO]   ✓ pdftohtml found at /usr/bin/pdftohtml 
[2026-03-28T08:19:40.842Z] [WARN]   - pdf2htmlEX not found (optional) 
[2026-03-28T08:19:40.842Z] [INFO] Using tool: pdftohtml 
[2026-03-28T08:19:40.842Z] [INFO] Input: /home/stefan/Projects/ecudocs.com/src/content/pdfs 
[2026-03-28T08:19:40.842Z] [INFO] Output: /home/stefan/Projects/ecudocs.com/src/content/pdf-html 
[2026-03-28T08:19:40.842Z] [INFO] Parallel workers: 1 
[2026-03-28T08:19:40.843Z] [INFO] Found 253 PDF files 
[2026-03-28T08:19:40.857Z] [INFO] Skipping -E90-Driver-Info-Systems.qxd - already converted (use --force to overwrite) 
[2026-03-28T08:19:40.869Z] [INFO] Skipping 01-Basic-Measuring-Techniques.qxd - already converted (use --force to overwrite) 
[2026-03-28T08:19:40.882Z] [INFO] Skipping 01-Brake-Systems - already converted (use --force to overwrite) 
[2026-03-28T08:19:40.895Z] [INFO] Skipping 01-Brake-Systems_1 - already converted (use --force to overwrite) 
[2026-03-28T08:19:40.907Z] [INFO] Skipping 01-Brake-Systems_1_2 - already converted (use --force to overwrite) 
[2026-03-28T08:19:40.917Z] [INFO] Skipping 01-E70-LCI - already converted (use --force to overwrite) 
[2026-03-28T08:19:40.929Z] [INFO] Skipping 01-E70-LCI_1 - already converted (use --force to overwrite) 
[2026-03-28T08:19:40.941Z] [INFO] Skipping 01-E70-LCI_1_2 - already converted (use --force to overwrite) 
[2026-03-28T08:19:40.953Z] [INFO] Skipping 01-E90-Complete-Vehicle.qxd - already converted (use --force to overwrite) 
[2026-03-28T08:19:40.964Z] [INFO] Skipping 01-M-Heritage - already converted (use --force to overwrite) 
[2026-03-28T08:20:26.736Z] [INFO] Checking system dependencies... 
[2026-03-28T08:20:26.742Z] [INFO]   ✓ pdfinfo found at /usr/bin/pdfinfo 
[2026-03-28T08:20:26.745Z] [WARN]   - pdf2html not found (optional) 
[2026-03-28T08:20:26.747Z] [INFO]   ✓ pdftohtml found at /usr/bin/pdftohtml 
[2026-03-28T08:20:26.750Z] [WARN]   - pdf2htmlEX not found (optional) 
[2026-03-28T08:20:26.750Z] [INFO] Using tool: pdftohtml 
[2026-03-28T08:20:26.751Z] [INFO] Input: /home/stefan/Projects/ecudocs.com/src/content/pdfs 
[2026-03-28T08:20:26.751Z] [INFO] Output: /home/stefan/Projects/ecudocs.com/src/content/pdf-html 
[2026-03-28T08:20:26.751Z] [INFO] Parallel workers: 1 
[2026-03-28T08:20:26.751Z] [INFO] Found 253 PDF files 
[2026-03-28T08:20:26.764Z] [INFO] Skipping -E90-Driver-Info-Systems.qxd - already converted (use --force to overwrite) 
[2026-03-28T08:20:26.776Z] [INFO] Skipping 01-Basic-Measuring-Techniques.qxd - already converted (use --force to overwrite) 
[2026-03-28T08:20:26.789Z] [INFO] Skipping 01-Brake-Systems - already converted (use --force to overwrite) 
[2026-03-28T08:20:26.800Z] [INFO] Skipping 01-Brake-Systems_1 - already converted (use --force to overwrite) 
[2026-03-28T08:20:26.813Z] [INFO] Skipping 01-Brake-Systems_1_2 - already converted (use --force to overwrite) 
[2026-03-28T08:20:26.826Z] [INFO] Skipping 01-E70-LCI - already converted (use --force to overwrite) 
[2026-03-28T08:20:26.839Z] [INFO] Skipping 01-E70-LCI_1 - already converted (use --force to overwrite) 
[2026-03-28T08:20:26.850Z] [INFO] Skipping 01-E70-LCI_1_2 - already converted (use --force to overwrite) 
[2026-03-28T08:20:26.861Z] [INFO] Skipping 01-E90-Complete-Vehicle.qxd - already converted (use --force to overwrite) 
[2026-03-28T08:20:26.873Z] [INFO] Skipping 01-M-Heritage - already converted (use --force to overwrite) 
[2026-03-28T08:20:26.885Z] [INFO] Skipping 02a-Multiple-Restraint-Systems.qxd - already converted (use --force to overwrite) 
[2026-03-28T08:20:26.896Z] [INFO] Skipping 02b-E90-Multiple-Restraint-System-5.qxd - already converted (use --force to overwrite) 
[2026-03-28T08:20:26.908Z] [INFO] Skipping 06a-E90-General-Vehicle-Electrical.qxd - already converted (use --force to overwrite) 
[2026-03-28T08:20:26.921Z] [INFO] Skipping 06b-E90-General-Vehicle-Electrical-II.qxd - already converted (use --force to overwrite) 
[2026-03-28T08:20:26.933Z] [INFO] Skipping 1-complete-vehicle.qxd - already converted (use --force to overwrite) 
[2026-03-28T08:20:26.947Z] [INFO] Skipping 12-E46-M3-Running-Gear.qxd - already converted (use --force to overwrite) 
[2026-03-28T08:20:26.960Z] [INFO] Skipping AutoManual-Vehicle-Specs-Interior-Exterior-Systems - already converted (use --force to overwrite) 
[2026-03-28T08:20:26.977Z] [INFO] Skipping AutomatedVehicleSystemsOverview-04-07 - already converted (use --force to overwrite) 
[2026-03-28T08:20:26.993Z] [INFO] Skipping B46-Engine - already converted (use --force to overwrite) 
[2026-03-28T08:20:27.004Z] [INFO] Skipping BMW-3-Series-LCI-Technical-Training-Manual - already converted (use --force to overwrite) 
[2026-03-28T08:20:27.016Z] [INFO] Skipping BMW-B46TU-B48TU-Engines-Technical-Training-April-2017 - already converted (use --force to overwrite) 
[2026-03-28T08:20:27.031Z] [INFO] Skipping BMW-B57-Engine-Training-Manual-June-2015 - already converted (use --force to overwrite) 
[2026-03-28T08:20:27.046Z] [INFO] Skipping BMW-B58-Engine-Training-Manual-April-2015 - already converted (use --force to overwrite) 
[2026-03-28T08:20:27.060Z] [INFO] Skipping BMW-Driver-Assistance-Systems-2018 - already converted (use --force to overwrite) 
[2026-03-28T08:20:27.077Z] [INFO] Skipping BMW-F10-Chassis-Dynamics-Service-Manual - already converted (use --force to overwrite) 
[2026-03-28T08:20:27.090Z] [INFO] Skipping BMW-F10-DAS-General-Information-Nov-2009 - already converted (use --force to overwrite) 
[2026-03-28T08:20:27.103Z] [INFO] Skipping BMW-F10-Displays-Indicators-Controls-Service-Manual-December2009 - already converted (use --force to overwrite) 
[2026-03-28T08:20:27.118Z] [INFO] Skipping BMW-F10-Gen-VE-Symbols-Guide-Dec2009 - already converted (use --force to overwrite) 
[2026-03-28T08:20:27.130Z] [INFO] Skipping BMW-F10-Passive-Safety-Systems-Manual - already converted (use --force to overwrite) 
[2026-03-28T08:20:27.143Z] [INFO] Skipping BMW-F10-Powertrain-Service-Manual-December-2009 - already converted (use --force to overwrite) 
[2026-03-28T08:20:27.157Z] [INFO] Skipping BMW-F10-Service-Manual-Entertainment-Communication-December2009 - already converted (use --force to overwrite) 
[2026-03-28T08:20:27.170Z] [INFO] Skipping BMW-F22-F23-F87-LCI-TechnicalTraining-March2017 - already converted (use --force to overwrite) 
[2026-03-28T08:20:27.183Z] [INFO] Skipping BMW-F23-Complete-Vehicle-Technical-Training-September-2014 - already converted (use --force to overwrite) 
[2026-03-28T08:20:27.197Z] [INFO] Skipping BMW-F25-LCI-F26-Complete-Vehicle-Technical-Training-March-2014 - already converted (use --force to overwrite) 
[2026-03-28T08:20:27.211Z] [INFO] Skipping BMW-F33-Complete-Vehicle-Training-Manual-November2013 - already converted (use --force to overwrite) 
[2026-03-28T08:20:27.223Z] [INFO] Skipping BMW-F34-Complete-Vehicle-Technical-Training-March2013 - already converted (use --force to overwrite) 
[2026-03-28T08:20:27.235Z] [INFO] Skipping BMW-F34-LCI-TechnicalTraining-Manual - already converted (use --force to overwrite) 
[2026-03-28T08:20:27.247Z] [INFO] Skipping BMW-F39-Complete-Vehicle-Training-Manual-Oct2017 - already converted (use --force to overwrite) 
[2026-03-28T08:20:27.261Z] [INFO] Skipping BMW-F85-F86-Training-Manual-November-2014 - already converted (use --force to overwrite) 
[2026-03-28T08:20:27.275Z] [INFO] Skipping BMW-F90-Training-Manual-September-2017 - already converted (use --force to overwrite) 
[2026-03-28T08:20:27.288Z] [INFO] Skipping BMW-G02-Complete-Vehicle-Training-Manual - already converted (use --force to overwrite) 
[2026-03-28T08:20:27.301Z] [INFO] Skipping BMW-G05-Driver-Assistance-Systems-July2018 - already converted (use --force to overwrite) 
[2026-03-28T08:20:27.317Z] [INFO] Skipping BMW-G05-GeneralVehicleElectronics-TrainingManual-July2018 - already converted (use --force to overwrite) 
[2026-03-28T08:20:27.332Z] [INFO] Skipping BMW-G05-Infotainment-Technical-Training-July2018 - already converted (use --force to overwrite) 
[2026-03-28T08:20:27.344Z] [INFO] Skipping BMW-G12-LCI-PHEV-High-voltage-Battery-Training-Manual-November-2018 - already converted (use --force to overwrite) 
[2026-03-28T08:20:27.358Z] [INFO] Skipping BMW-G12-LCI-PHEV-High-voltage-Components-Technical-Training - already converted (use --force to overwrite) 
[2026-03-28T08:20:27.371Z] [INFO] Skipping BMW-G12-LCI-Training-Manual-January-2019 - already converted (use --force to overwrite) 
[2026-03-28T08:20:27.384Z] [INFO] Skipping BMW-G14-Technical-Training-November-2018 - already converted (use --force to overwrite) 
[2026-03-28T08:20:27.398Z] [INFO] Skipping BMW-G15-Displays-Controls-Technical-Training-June-2018 - already converted (use --force to overwrite) 
[2026-03-28T08:20:27.412Z] [INFO] Skipping BMW-G15-Driver-Assistance-Systems-June2018 - already converted (use --force to overwrite) 
[2026-03-28T08:20:27.425Z] [INFO] Skipping BMW-G15-General-Vehicle-Electronics-Training-Manual-June2018 - already converted (use --force to overwrite) 
[2026-03-28T08:20:27.438Z] [INFO] Skipping BMW-G15-Infotainment-Technical-Training-June2018 - already converted (use --force to overwrite) 
[2026-03-28T08:20:27.451Z] [INFO] Skipping BMW-G15-Training-Manual-June2018 - already converted (use --force to overwrite) 
[2026-03-28T08:20:27.464Z] [INFO] Skipping BMW-G29-GeneralVehicleElectronics-TechnicalTraining-October2018 - already converted (use --force to overwrite) 
[2026-03-28T08:20:27.477Z] [INFO] Skipping BMW-G30-PHEV-Update-March2019 - already converted (use --force to overwrite) 
[2026-03-28T08:20:27.490Z] [INFO] Skipping BMW-General-Vehicle-Electronics-2018-Training-Manual - already converted (use --force to overwrite) 
[2026-03-28T08:20:27.503Z] [INFO] Skipping BMW-Infotainment-2016-Technical-Training-Guide - already converted (use --force to overwrite) 
[2026-03-28T08:20:27.515Z] [INFO] Skipping BMW-Infotainment-2018-Technical-Training-Manual - already converted (use --force to overwrite) 
[2026-03-28T08:20:27.528Z] [INFO] Skipping BMW-Model-Identification-Guide-06-08 - already converted (use --force to overwrite) 
[2026-03-28T08:20:27.541Z] [INFO] Skipping BMW-N47TU-Engine-TechnicalTraining-Manual - already converted (use --force to overwrite) 
[2026-03-28T08:20:27.554Z] [INFO] Skipping BMW-N57TU-Engine-Technical-Training-Manual - already converted (use --force to overwrite) 
[2026-03-28T08:20:27.567Z] [INFO] Skipping BMW-N63TU2-Engine-TechnicalTraining-May2015 - already converted (use --force to overwrite) 
[2026-03-28T08:20:27.583Z] [INFO] Skipping BMW-N63TU3-Engine-TechnicalTraining-July2018 - already converted (use --force to overwrite) 
[2026-03-28T08:20:27.595Z] [INFO] Skipping BMW-N74TU-Engine-Technical-Training-Manual-June-2016 - already converted (use --force to overwrite) 
[2026-03-28T08:20:27.608Z] [INFO] Skipping BMW-N74TU2-Engine-Technical-Training-November-2018 - already converted (use --force to overwrite) 
[2026-03-28T08:20:27.620Z] [INFO] Skipping BMW-RDC-Tool-Technical-Training-Nov2018 - already converted (use --force to overwrite) 
[2026-03-28T08:20:27.633Z] [INFO] Skipping BMW-S55-Engine-BV-72-Training-Manual-March-2014 - already converted (use --force to overwrite) 
[2026-03-28T08:20:27.647Z] [INFO] Skipping BMW-S58-Engine-Training-Manual-February-2019 - already converted (use --force to overwrite) 
[2026-03-28T08:20:27.659Z] [INFO] Skipping BMW-SCR3-US-Training-Manual-Sept2016 - already converted (use --force to overwrite) 
[2026-03-28T08:20:27.674Z] [INFO] Skipping BMW-SP41-High-Voltage-Battery-Training-March2019 - already converted (use --force to overwrite) 
[2026-03-28T08:20:27.690Z] [INFO] Skipping BMW-SeriesIdentification-Table-06-08 - already converted (use --force to overwrite) 
[2026-03-28T08:20:27.706Z] [INFO] Skipping BMW-Service-Displays-Controls-2018-Training-Manual - already converted (use --force to overwrite) 
[2026-03-28T08:20:27.721Z] [INFO] Skipping BMW-Service-Headunit-High-Manual-March2012 - already converted (use --force to overwrite) 
[2026-03-28T08:20:27.737Z] [INFO] Skipping BMW-Service-Manual-02-06 - already converted (use --force to overwrite) 
[2026-03-28T08:20:27.753Z] [INFO] Skipping BMW-Suspension-Systems.qxd - already converted (use --force to overwrite) 
[2026-03-28T08:20:27.772Z] [INFO] Skipping BMW-Technician-Manual-v2.06 - already converted (use --force to overwrite) 
[2026-03-28T08:20:27.789Z] [INFO] Skipping BMW-X3-2018-Technical-Specifications - already converted (use --force to overwrite) 
[2026-03-28T08:20:27.804Z] [INFO] Skipping BWM-B58TU-Engine-TechnicalTraining-July2018 - already converted (use --force to overwrite) 
[2026-03-28T08:20:27.819Z] [INFO] Skipping BWM-F80F82-Complete-Vehicle-Technical-Training-March2014 - already converted (use --force to overwrite) 
[2026-03-28T08:20:27.837Z] [INFO] Skipping Basic-DiagnosticCertification-BDC - already converted (use --force to overwrite) 
[2026-03-28T08:20:27.855Z] [INFO] Skipping Basic-Measuring-Techniques-New-07-01-Basic-Measuring-Techniques.qxd - already converted (use --force to overwrite) 
[2026-03-28T08:20:27.872Z] [INFO] Skipping Basic-Measuring-Techniques-New-07-01-Basic-Measuring-Techniques.qxd_1 - already converted (use --force to overwrite) 
[2026-03-28T08:20:27.886Z] [INFO] Skipping Basic-Measuring-Techniques-New-07-01-Basic-Measuring-Techniques.qxd_1_2 - already converted (use --force to overwrite) 
[2026-03-28T08:20:27.899Z] [INFO] Skipping Basic-Measuring-Techniques-New-07-01-Basic-Measuring-Techniques.qxd_1_2_3 - already converted (use --force to overwrite) 
[2026-03-28T08:20:27.914Z] [INFO] Skipping Basic-Measuring-Techniques-New-07-01-Basic-Measuring-Techniques.qxd_1_2_3_4 - already converted (use --force to overwrite) 
[2026-03-28T08:20:27.929Z] [INFO] Skipping Basic-Measuring-Techniques-New-07-01-Basic-Measuring-Techniques.qxd_1_2_3_4_5 - already converted (use --force to overwrite) 
[2026-03-28T08:20:27.942Z] [INFO] Skipping Basic-Measuring-Techniques-New-07-01-Basic-Measuring-Techniques.qxd_1_2_3_4_5_6 - already converted (use --force to overwrite) 
[2026-03-28T08:20:27.956Z] [INFO] Skipping Basic-Measuring-Techniques-New-07-01-Basic-Measuring-Techniques.qxd_1_2_3_4_5_6_7 - already converted (use --force to overwrite) 
[2026-03-28T08:20:27.968Z] [INFO] Skipping Basic-Suspension-Geometry.qxd - already converted (use --force to overwrite) 
[2026-03-28T08:20:27.981Z] [INFO] Skipping Byteflight-Safety-Systems.qxd - already converted (use --force to overwrite) 
[2026-03-28T08:20:27.993Z] [INFO] Skipping CompleteVehicleG05TrainingManual-BMWNA-2018 - already converted (use --force to overwrite) 
[2026-03-28T08:20:28.004Z] [INFO] Skipping E60-M5-E64-M6-Automatic-Soft-Close-Function-Guide - already converted (use --force to overwrite) 
[2026-03-28T08:20:28.016Z] [INFO] Skipping E90-Climate-Control.qxd - already converted (use --force to overwrite) 
[2026-03-28T08:20:28.028Z] [INFO] Skipping E90-Dynamic-Driving-Systems.qxd - already converted (use --force to overwrite) 
[2026-03-28T08:20:28.043Z] [INFO] Skipping E90-Entertain-and-Communication.qxd - already converted (use --force to overwrite) 
[2026-03-28T08:20:28.054Z] [INFO] Skipping E90-Multiple-Restraint-System-5.qxd - already converted (use --force to overwrite) 
[2026-03-28T08:20:28.066Z] [INFO] Skipping E90-Powertrain.qxd - already converted (use --force to overwrite) 
[2026-03-28T08:20:28.080Z] [INFO] Skipping E90-Suspension--Chassis.qxd - already converted (use --force to overwrite) 
[2026-03-28T08:20:28.093Z] [INFO] Skipping E90-Voltage-Supply-and-Bus.qxd - already converted (use --force to overwrite) 
[2026-03-28T08:20:28.106Z] [INFO] Skipping E9x-3-Series-(non-M)-Wheel--Tire-Fitment-Guide--APEX-Race-Parts - already converted (use --force to overwrite) 
[2026-03-28T08:20:28.118Z] [INFO] Skipping EE-Overview - already converted (use --force to overwrite) 
[2026-03-28T08:20:28.130Z] [INFO] Skipping EE-Overview_1 - already converted (use --force to overwrite) 
[2026-03-28T08:20:28.142Z] [INFO] Skipping EE-Overview_1_2 - already converted (use --force to overwrite) 
[2026-03-28T08:20:28.155Z] [INFO] Skipping EE-Overview_1_2_3 - already converted (use --force to overwrite) 
[2026-03-28T08:20:28.169Z] [INFO] Skipping EE-Overview_1_2_3_4 - already converted (use --force to overwrite) 
[2026-03-28T08:20:28.182Z] [INFO] Skipping EE-Overview_1_2_3_4_5 - already converted (use --force to overwrite) 
[2026-03-28T08:20:28.194Z] [INFO] Skipping EE-Overview_1_2_3_4_5_6 - already converted (use --force to overwrite) 
[2026-03-28T08:20:28.206Z] [INFO] Skipping EE-Overview_1_2_3_4_5_6_7 - already converted (use --force to overwrite) 
[2026-03-28T08:20:28.218Z] [INFO] Skipping EE-Overview_1_2_3_4_5_6_7_8 - already converted (use --force to overwrite) 
[2026-03-28T08:20:28.229Z] [INFO] Skipping EE-Overview_1_2_3_4_5_6_7_8_9 - already converted (use --force to overwrite) 
[2026-03-28T08:20:28.240Z] [INFO] Skipping EE-Overview_1_2_3_4_5_6_7_8_9_10 - already converted (use --force to overwrite) 
[2026-03-28T08:20:28.252Z] [INFO] Skipping Engine-Diagnosis.qxd - already converted (use --force to overwrite) 
[2026-03-28T08:20:28.263Z] [INFO] Skipping F01H-F02H-Complete-Vehicle.pdf - already converted (use --force to overwrite) 
[2026-03-28T08:20:28.277Z] [INFO] Skipping F04-Complete-Vehicle-Technical-Training-Manual-v2010 - already converted (use --force to overwrite) 
[2026-03-28T08:20:28.291Z] [INFO] Skipping F07-Complete-Vehicle - already converted (use --force to overwrite) 
[2026-03-28T08:20:28.304Z] [INFO] Skipping F07-Complete-Vehicle_1_2 - already converted (use --force to overwrite) 
[2026-03-28T08:20:28.318Z] [INFO] Skipping F10H-Complete-Vehicle.pdf - already converted (use --force to overwrite) 
[2026-03-28T08:20:28.334Z] [INFO] Skipping F30-PHEV-HV-Battery-Unit - already converted (use --force to overwrite) 
[2026-03-28T08:20:28.349Z] [INFO] Skipping F30-PHEV-HV-Components - already converted (use --force to overwrite) 
[2026-03-28T08:20:28.362Z] [INFO] Skipping F30H-Complete-Vehicle.pdf - already converted (use --force to overwrite) 
[2026-03-28T08:20:28.374Z] [INFO] Skipping F48-Chassis-and-Suspension - already converted (use --force to overwrite) 
[2026-03-28T08:20:28.387Z] [INFO] Skipping F48-Displays-and-Controls - already converted (use --force to overwrite) 
[2026-03-28T08:20:28.400Z] [INFO] Skipping F48-Driver-Assistance-Systems - already converted (use --force to overwrite) 
[2026-03-28T08:20:28.412Z] [INFO] Skipping F48-General-Vehicle-Electronics - already converted (use --force to overwrite) 
[2026-03-28T08:20:28.424Z] [INFO] Skipping F48-Information-and-Communication - already converted (use --force to overwrite) 
[2026-03-28T08:20:28.436Z] [INFO] Skipping F48-Introduction - already converted (use --force to overwrite) 
[2026-03-28T08:20:28.448Z] [INFO] Skipping F48-Introduction_1 - already converted (use --force to overwrite) 
[2026-03-28T08:20:28.462Z] [INFO] Skipping F48-Passive-Safety-Systems - already converted (use --force to overwrite) 
[2026-03-28T08:20:28.473Z] [INFO] Skipping F48-Powertrain - already converted (use --force to overwrite) 
[2026-03-28T08:20:28.485Z] [INFO] Skipping F82-GTS-Complete-Vehicle - already converted (use --force to overwrite) 
[2026-03-28T08:20:28.496Z] [INFO] Skipping F87-Complete-Vehicle - already converted (use --force to overwrite) 
[2026-03-28T08:20:28.510Z] [INFO] Skipping FB-E70-N52KP-MSV80-MY2007-en-only.pdf - already converted (use --force to overwrite) 
[2026-03-28T08:20:28.522Z] [INFO] Skipping FBMW-F10-Service-Manual-December-2009 - already converted (use --force to overwrite) 
[2026-03-28T08:20:28.535Z] [INFO] Skipping Features-and-Technology-07-18-Design-Revision - already converted (use --force to overwrite) 
[2026-03-28T08:20:28.547Z] [INFO] Skipping Fundamentals-of-Coding-and-Programming-05-06 - already converted (use --force to overwrite) 
[2026-03-28T08:20:28.558Z] [INFO] Skipping G05-Displays-Controls-Technical-Training-July-2018 - already converted (use --force to overwrite) 
[2026-03-28T08:20:28.571Z] [INFO] Skipping G12-Audio-Systems - already converted (use --force to overwrite) 
[2026-03-28T08:20:28.586Z] [INFO] Skipping G12-Chassis-and-Suspension - already converted (use --force to overwrite) 
[2026-03-28T08:20:28.599Z] [INFO] Skipping G12-Chassis-and-Suspension_1 - already converted (use --force to overwrite) 
[2026-03-28T08:20:28.611Z] [INFO] Skipping G12-Climate-Control-Systems - already converted (use --force to overwrite) 
[2026-03-28T08:20:28.622Z] [INFO] Skipping G12-Climate-Control_1 - already converted (use --force to overwrite) 
[2026-03-28T08:20:28.634Z] [INFO] Skipping G12-Displays-and-Controls - already converted (use --force to overwrite) 
[2026-03-28T08:20:28.646Z] [INFO] Skipping G12-Driver-Assistance-Systems - already converted (use --force to overwrite) 
[2026-03-28T08:20:28.657Z] [INFO] Skipping G12-General-Vehicle-Electronics - already converted (use --force to overwrite) 
[2026-03-28T08:20:28.670Z] [INFO] Skipping G12-General-Vehicle-Electronics_1 - already converted (use --force to overwrite) 
[2026-03-28T08:20:28.683Z] [INFO] Skipping G12-General-Vehicle-Electronics_1_2 - already converted (use --force to overwrite) 
[2026-03-28T08:20:28.694Z] [INFO] Skipping G12-Introduction - already converted (use --force to overwrite) 
[2026-03-28T08:20:28.704Z] [INFO] Skipping G12-Introduction_1 - already converted (use --force to overwrite) 
[2026-03-28T08:20:28.716Z] [INFO] Skipping G12-Introduction_1_2 - already converted (use --force to overwrite) 
[2026-03-28T08:20:28.728Z] [INFO] Skipping G12-LCI-PHEV-Complete-Vehicle-Training-Manual-2019 - already converted (use --force to overwrite) 
[2026-03-28T08:20:28.739Z] [INFO] Skipping G12-Navigation - already converted (use --force to overwrite) 
[2026-03-28T08:20:28.751Z] [INFO] Skipping G12-Passive-Safety-Systems - already converted (use --force to overwrite) 
[2026-03-28T08:20:28.764Z] [INFO] Skipping G12-Passive-Safety-Systems_1 - already converted (use --force to overwrite) 
[2026-03-28T08:20:28.776Z] [INFO] Skipping G12-Powertrain - already converted (use --force to overwrite) 
[2026-03-28T08:20:28.789Z] [INFO] Skipping G12-Powertrain_1 - already converted (use --force to overwrite) 
[2026-03-28T08:20:28.802Z] [INFO] Skipping G12-Rear-Seat-Entertainment - already converted (use --force to overwrite) 
[2026-03-28T08:20:28.815Z] [INFO] Skipping G12-Telephone - already converted (use --force to overwrite) 
[2026-03-28T08:20:28.831Z] [INFO] Skipping G12-Voltage-Supply-and-Bus-Systems - already converted (use --force to overwrite) 
[2026-03-28T08:20:28.844Z] [INFO] Skipping G12-Voltage-Supply-and-Bus-Systems_1 - already converted (use --force to overwrite) 
[2026-03-28T08:20:28.857Z] [INFO] Skipping G30-Chassis-and-Suspension - already converted (use --force to overwrite) 
[2026-03-28T08:20:28.868Z] [INFO] Skipping G30-Climate-Control - already converted (use --force to overwrite) 
[2026-03-28T08:20:28.879Z] [INFO] Skipping G30-Displays-and-Controls - already converted (use --force to overwrite) 
[2026-03-28T08:20:28.892Z] [INFO] Skipping G30-Driver-Assistance-Systems - already converted (use --force to overwrite) 
[2026-03-28T08:20:28.903Z] [INFO] Skipping G30-General-Vehicle-Electronics - already converted (use --force to overwrite) 
[2026-03-28T08:20:28.914Z] [INFO] Skipping G30-Infotainment - already converted (use --force to overwrite) 
[2026-03-28T08:20:28.926Z] [INFO] Skipping G30-Introduction-and-Body - already converted (use --force to overwrite) 
[2026-03-28T08:20:28.938Z] [INFO] Skipping G30-Navigation - already converted (use --force to overwrite) 
[2026-03-28T08:20:28.950Z] [INFO] Skipping G30-Passive-Safety-Systems - already converted (use --force to overwrite) 
[2026-03-28T08:20:28.961Z] [INFO] Skipping G30-Powertrain - already converted (use --force to overwrite) 
[2026-03-28T08:20:28.973Z] [INFO] Skipping G30-Telephone-and-Telematics - already converted (use --force to overwrite) 
[2026-03-28T08:20:28.986Z] [INFO] Skipping G30-Voltage-Supply-and-Bus-Systems - already converted (use --force to overwrite) 
[2026-03-28T08:20:28.997Z] [INFO] Skipping G32-Complete-Vehicle-BMW-Training-Manual-June2017 - already converted (use --force to overwrite) 
[2026-03-28T08:20:29.009Z] [INFO] Skipping Glossary.qxd - already converted (use --force to overwrite) 
[2026-03-28T08:20:29.020Z] [INFO] Skipping HDRadio-Operation-Guide-v1.0 - already converted (use --force to overwrite) 
[2026-03-28T08:20:29.033Z] [INFO] Skipping High-Beam-Assistant - already converted (use --force to overwrite) 
[2026-03-28T08:20:29.045Z] [INFO] Skipping ICOM-Integrated-Communication-Optical-Module-Manual - already converted (use --force to overwrite) 
[2026-03-28T08:20:29.056Z] [INFO] Skipping IMIB-Integrated-Measurement-Interface-Box-Manual - already converted (use --force to overwrite) 
[2026-03-28T08:20:29.068Z] [INFO] Skipping ISIS-Rack-Cabinet-Manual - already converted (use --force to overwrite) 
[2026-03-28T08:20:29.081Z] [INFO] Skipping IntegratedServiceAccessPoint-Introduction-3 - already converted (use --force to overwrite) 
[2026-03-28T08:20:29.092Z] [INFO] Skipping Intro-to-Passive-Safety.qxd - already converted (use --force to overwrite) 
[2026-03-28T08:20:29.105Z] [INFO] Skipping Introduction-NewProgrammingSystem-01-09 - already converted (use --force to overwrite) 
[2026-03-28T08:20:29.116Z] [INFO] Skipping Introduction-to-Chassis-Dynamics.qxd - already converted (use --force to overwrite) 
[2026-03-28T08:20:29.128Z] [INFO] Skipping Introduction-to-Chassis-Dynamics.qxd_1 - already converted (use --force to overwrite) 
[2026-03-28T08:20:29.139Z] [INFO] Skipping Introduction-to-Chassis-Dynamics.qxd_1_2 - already converted (use --force to overwrite) 
[2026-03-28T08:20:29.151Z] [INFO] Skipping Introduction-to-Chassis-Dynamics.qxd_1_2_3 - already converted (use --force to overwrite) 
[2026-03-28T08:20:29.164Z] [INFO] Skipping Introduction-to-Chassis-Dynamics.qxd_1_2_3_4 - already converted (use --force to overwrite) 
[2026-03-28T08:20:29.178Z] [INFO] Skipping Introduction-to-Chassis-Dynamics.qxd_1_2_3_4_5 - already converted (use --force to overwrite) 
[2026-03-28T08:20:29.191Z] [INFO] Skipping Introduction-to-Chassis-Dynamics.qxd_1_2_3_4_5_6 - already converted (use --force to overwrite) 
[2026-03-28T08:20:29.202Z] [INFO] Skipping Introduction-to-Chassis-Dynamics.qxd_1_2_3_4_5_6_7 - already converted (use --force to overwrite) 
[2026-03-28T08:20:29.214Z] [INFO] Skipping LaneDepartureWarningSystem-Overview-04-07 - already converted (use --force to overwrite) 
[2026-03-28T08:20:29.226Z] [INFO] Skipping M-Engines-S62B50-Technical-Overview - already converted (use --force to overwrite) 
[2026-03-28T08:20:29.237Z] [INFO] Skipping MSV70-Engine-Electronics.qxd - already converted (use --force to overwrite) 
[2026-03-28T08:20:29.249Z] [INFO] Skipping Microsoft-Word---Lifetime-Maintenance-Schedule-v03.13 - already converted (use --force to overwrite) 
[2026-03-28T08:20:29.263Z] [INFO] Skipping Multimeter-DisplayRange-Oscilloscope-Settings-30April2023 - already converted (use --force to overwrite) 
[2026-03-28T08:20:29.276Z] [INFO] Skipping N52-Engine.qxd - already converted (use --force to overwrite) 
[2026-03-28T08:20:29.288Z] [INFO] Skipping N55-Engine - already converted (use --force to overwrite) 
[2026-03-28T08:20:29.301Z] [INFO] Skipping N62-Engine-Update.qxd - already converted (use --force to overwrite) 
[2026-03-28T08:20:29.314Z] [INFO] Skipping N74-Engine - already converted (use --force to overwrite) 
[2026-03-28T08:20:29.329Z] [INFO] Skipping Principles-of-Hybrid-Technology.pdf - already converted (use --force to overwrite) 
[2026-03-28T08:20:29.341Z] [INFO] Skipping PuMA-Production-Measures-Management-Aftersales - already converted (use --force to overwrite) 
[2026-03-28T08:20:29.353Z] [INFO] Skipping Road-Force-Balancing.qxd - already converted (use --force to overwrite) 
[2026-03-28T08:20:29.364Z] [INFO] Skipping Rollover-Protection-Systems.qxd - already converted (use --force to overwrite) 
[2026-03-28T08:20:29.374Z] [INFO] Skipping SMG-II.pdf - already converted (use --force to overwrite) 
[2026-03-28T08:20:29.386Z] [INFO] Skipping ST1313-Cover-RM-2-ST1212-Cover-RM - already converted (use --force to overwrite) 
[2026-03-28T08:20:29.397Z] [INFO] Skipping ST1401-Cover-RM.qxd - already converted (use --force to overwrite) 
[2026-03-28T08:20:29.409Z] [INFO] Skipping ST1412-Cover-RM-ST1412-Cover-RM - already converted (use --force to overwrite) 
[2026-03-28T08:20:29.422Z] [INFO] Skipping ST1600-Cover - already converted (use --force to overwrite) 
[2026-03-28T08:20:29.434Z] [INFO] Skipping ST1604-Cover - already converted (use --force to overwrite) 
[2026-03-28T08:20:29.446Z] [INFO] Skipping ST1607-Cover-RM-ST1201-Cover-RM.qxd - already converted (use --force to overwrite) 
[2026-03-28T08:20:29.459Z] [INFO] Skipping ST1607-Cover-RM-ST1201-Cover-RM.qxd_1 - already converted (use --force to overwrite) 
[2026-03-28T08:20:29.471Z] [INFO] Skipping ST1607-Cover-RM-ST1201-Cover-RM.qxd_1_2 - already converted (use --force to overwrite) 
[2026-03-28T08:20:29.483Z] [INFO] Skipping ST1701-Cover.qxd - already converted (use --force to overwrite) 
[2026-03-28T08:20:29.495Z] [INFO] Skipping ST1701-Cover.qxd_1 - already converted (use --force to overwrite) 
[2026-03-28T08:20:29.506Z] [INFO] Skipping ST1701-Cover.qxd_1_2 - already converted (use --force to overwrite) 
[2026-03-28T08:20:29.518Z] [INFO] Skipping ST1701-Cover.qxd_1_2_3 - already converted (use --force to overwrite) 
[2026-03-28T08:20:29.543Z] [INFO] Converting ST1701-Cover.qxd_1_2_3_4 (54 pages)... 
[2026-03-28T08:20:29.558Z] [ERROR] Failed to process ST1701-Cover.qxd_1_2_3_4.pdf: Invalid count value: -21 
[2026-03-28T08:20:29.583Z] [INFO] Converting ST1701-Cover.qxd_1_2_3_4_5 (26 pages)... 
[2026-03-28T08:20:29.599Z] [ERROR] Failed to process ST1701-Cover.qxd_1_2_3_4_5.pdf: Invalid count value: -21 
[2026-03-28T08:20:29.622Z] [INFO] Converting ST1701-Cover.qxd_1_2_3_4_5_6 (28 pages)... 
[2026-03-28T08:20:29.637Z] [ERROR] Failed to process ST1701-Cover.qxd_1_2_3_4_5_6.pdf: Invalid count value: -21 
[2026-03-28T08:20:29.661Z] [INFO] Converting ST1701-Cover.qxd_1_2_3_4_5_6_7 (20 pages)... 
[2026-03-28T08:20:29.677Z] [ERROR] Failed to process ST1701-Cover.qxd_1_2_3_4_5_6_7.pdf: Invalid count value: -21 
[2026-03-28T08:20:29.703Z] [INFO] Converting ST1701-Cover.qxd_1_2_3_4_5_6_7_8 (42 pages)... 
[2026-03-28T08:20:29.718Z] [ERROR] Failed to process ST1701-Cover.qxd_1_2_3_4_5_6_7_8.pdf: Invalid count value: -22 
[2026-03-28T08:20:29.742Z] [INFO] Converting ST1701-Cover.qxd_1_2_3_4_5_6_7_8_9 (38 pages)... 
[2026-03-28T08:20:29.758Z] [ERROR] Failed to process ST1701-Cover.qxd_1_2_3_4_5_6_7_8_9.pdf: Invalid count value: -22 
[2026-03-28T08:20:29.782Z] [INFO] Converting ST1701-Cover.qxd_1_2_3_4_5_6_7_8_9_10 (28 pages)... 
[2026-03-28T08:20:29.796Z] [ERROR] Failed to process ST1701-Cover.qxd_1_2_3_4_5_6_7_8_9_10.pdf: Invalid count value: -22 
[2026-03-28T08:20:29.820Z] [INFO] Converting ST1701-Cover.qxd_1_2_3_4_5_6_7_8_9_10_11 (52 pages)... 
[2026-03-28T08:20:29.838Z] [ERROR] Failed to process ST1701-Cover.qxd_1_2_3_4_5_6_7_8_9_10_11.pdf: Invalid count value: -22 
[2026-03-28T08:20:29.862Z] [INFO] Converting ST1701-Cover.qxd_1_2_3_4_5_6_7_8_9_10_11_12 (2 pages)... 
[2026-03-28T08:20:29.877Z] [ERROR] Failed to process ST1701-Cover.qxd_1_2_3_4_5_6_7_8_9_10_11_12.pdf: Invalid count value: -22 
[2026-03-28T08:20:29.902Z] [INFO] Converting ST1908-Cover-RM-ST1908-Cover-RM.qxd (70 pages)... 
[2026-03-28T08:20:29.920Z] [ERROR] Failed to process ST1908-Cover-RM-ST1908-Cover-RM.qxd.pdf: Invalid count value: -22 
[2026-03-28T08:20:29.947Z] [INFO] Converting ST1908-Cover-RM-ST1908-Cover-RM.qxd_1 (70 pages)... 
[2026-03-28T08:20:29.964Z] [ERROR] Failed to process ST1908-Cover-RM-ST1908-Cover-RM.qxd_1.pdf: Invalid count value: -22 
[2026-03-28T08:20:29.990Z] [INFO] Converting ST603-Intro-to-Diesel-Technology-WB (137 pages)... 
[2026-03-28T08:20:30.008Z] [ERROR] Failed to process ST603-Intro-to-Diesel-Technology-WB.pdf: Invalid count value: -22 
[2026-03-28T08:20:30.033Z] [INFO] Converting Table-of-contents (267 pages)... 
[2026-03-28T08:20:30.050Z] [ERROR] Failed to process Table-of-contents.pdf: Invalid count value: -23 
[2026-03-28T08:20:30.072Z] [INFO] Converting Technical-Training-F39-X2-M35i-Transmission-October-2017 (22 pages)... 
[2026-03-28T08:20:30.092Z] [ERROR] Failed to process Technical-Training-F39-X2-M35i-Transmission-October-2017.pdf: Invalid count value: -23 
[2026-03-28T08:20:30.115Z] [INFO] Converting Technical-Training-G15-Complete-Vehicle-Manual-BMW-NA-2018 (1 pages)... 
[2026-03-28T08:20:30.128Z] [ERROR] Failed to process Technical-Training-G15-Complete-Vehicle-Manual-BMW-NA-2018.pdf: Invalid count value: -23 
[2026-03-28T08:20:30.153Z] [INFO] Converting USB-Interface-Manual-BMW-E9x-E70-E6x (13 pages)... 
[2026-03-28T08:20:30.165Z] [ERROR] Failed to process USB-Interface-Manual-BMW-E9x-E70-E6x.pdf: Invalid count value: -23 
[2026-03-28T08:20:30.190Z] [INFO] Converting UnderstandingDiagnosticsPlan-0506 (8 pages)... 
[2026-03-28T08:20:30.205Z] [ERROR] Failed to process UnderstandingDiagnosticsPlan-0506.pdf: Invalid count value: -23 
[2026-03-28T08:20:30.230Z] [INFO] Converting Wheel-Alignment-Procedures.qxd (29 pages)... 
[2026-03-28T08:20:30.242Z] [ERROR] Failed to process Wheel-Alignment-Procedures.qxd.pdf: Invalid count value: -23 
[2026-03-28T08:20:30.272Z] [INFO] Converting brake-instructions-bmw-3series-2008 (554 pages)... 
[2026-03-28T08:20:30.330Z] [ERROR] Failed to process brake-instructions-bmw-3series-2008.pdf: Invalid count value: -23 
[2026-03-28T08:20:30.356Z] [INFO] Converting cruise-control-braking-function-system-overview-v4-07-2023 (66 pages)... 
[2026-03-28T08:20:30.374Z] [ERROR] Failed to process cruise-control-braking-function-system-overview-v4-07-2023.pdf: Invalid count value: -23 
[2026-03-28T08:20:30.405Z] [INFO] Converting dme-MS-S54.qxd (23 pages)... 
[2026-03-28T08:20:30.419Z] [ERROR] Failed to process dme-MS-S54.qxd.pdf: Invalid count value: -23 
[2026-03-28T08:20:30.444Z] [INFO] Converting dme-MS-S54.qxd_1 (39 pages)... 
[2026-03-28T08:20:30.457Z] [ERROR] Failed to process dme-MS-S54.qxd_1.pdf: Invalid count value: -24 
[2026-03-28T08:20:30.484Z] [INFO] Converting dme-MS-S54.qxd_1_2 (28 pages)... 
[2026-03-28T08:20:30.497Z] [ERROR] Failed to process dme-MS-S54.qxd_1_2.pdf: Invalid count value: -24 
[2026-03-28T08:20:30.523Z] [INFO] Converting emissions-overview-emission-standards (23 pages)... 
[2026-03-28T08:20:30.537Z] [ERROR] Failed to process emissions-overview-emission-standards.pdf: Invalid count value: -24 
[2026-03-28T08:20:30.563Z] [INFO] Converting isid-user-manual-v1.0 (12 pages)... 
[2026-03-28T08:20:30.578Z] [ERROR] Failed to process isid-user-manual-v1.0.pdf: Invalid count value: -24 
[2026-03-28T08:20:30.607Z] [INFO] Converting ista-workshop-manual-v1.0 (108 pages)... 
[2026-03-28T08:20:30.628Z] [ERROR] Failed to process ista-workshop-manual-v1.0.pdf: Invalid count value: -24 
[2026-03-28T08:20:30.652Z] [INFO] Converting m5-MS-S52.qxd (52 pages)... 
[2026-03-28T08:20:30.664Z] [ERROR] Failed to process m5-MS-S52.qxd.pdf: Invalid count value: -24 
[2026-03-28T08:20:30.687Z] [INFO] Converting motorsport-engines-S54.qxd (28 pages)... 
[2026-03-28T08:20:30.699Z] [ERROR] Failed to process motorsport-engines-S54.qxd.pdf: Invalid count value: -24 
[2026-03-28T08:20:30.723Z] [INFO] Converting service-manual-summary-20XX-pdf (44 pages)... 
[2026-03-28T08:20:30.739Z] [ERROR] Failed to process service-manual-summary-20XX-pdf.pdf: Invalid count value: -24 
[2026-03-28T08:20:30.767Z] [INFO] Converting technical-training-bmw-g05-powertrain-chassis-info-july-2018 (96 pages)... 
[2026-03-28T08:20:30.783Z] [ERROR] Failed to process technical-training-bmw-g05-powertrain-chassis-info-july-2018.pdf: Invalid count value: -25 
[2026-03-28T08:20:30.807Z] [INFO] Converting technical-training-bmw-g29-body-info-october-2018 (40 pages)... 
[2026-03-28T08:20:30.822Z] [ERROR] Failed to process technical-training-bmw-g29-body-info-october-2018.pdf: Invalid count value: -25 
[2026-03-28T08:20:30.850Z] [INFO] Converting technical-training-bmw-service-manual-may2018 (52 pages)... 
[2026-03-28T08:20:30.867Z] [ERROR] Failed to process technical-training-bmw-service-manual-may2018.pdf: Invalid count value: -25 
[2026-03-28T08:20:30.891Z] [INFO] Converting technical-training-f97-f98-complete-vehicle-info-bmw-pdf (90 pages)... 
[2026-03-28T08:20:30.907Z] [ERROR] Failed to process technical-training-f97-f98-complete-vehicle-info-bmw-pdf.pdf: Invalid count value: -25 
[2026-03-28T08:20:30.930Z] [INFO] Converting technical-training-g05-body-bmw-product-info-july2018 (46 pages)... 
[2026-03-28T08:20:30.945Z] [ERROR] Failed to process technical-training-g05-body-bmw-product-info-july2018.pdf: Invalid count value: -25 
[2026-03-28T08:20:30.969Z] [INFO] Converting technical-training-g15-body-bmw-service-june-2018 (28 pages)... 
[2026-03-28T08:20:30.984Z] [ERROR] Failed to process technical-training-g15-body-bmw-service-june-2018.pdf: Invalid count value: -25 
[2026-03-28T08:20:31.009Z] [INFO] Converting technical-training-g29-powertrain-chassis-october-2018 (62 pages)... 
[2026-03-28T08:20:31.024Z] [ERROR] Failed to process technical-training-g29-powertrain-chassis-october-2018.pdf: Invalid count value: -25 
[2026-03-28T08:20:31.054Z] [INFO] Converting test-plan-BMW-Service-Throttle-Valve-Fault (30 pages)... 
[2026-03-28T08:20:35.348Z] [ERROR] Failed to process test-plan-BMW-Service-Throttle-Valve-Fault.pdf: Invalid count value: -25 
[2026-03-28T08:20:35.374Z] [INFO] Converting test-plan-bmw-service-development-status-mevd17.2-bn2020 (44 pages)... 
[2026-03-28T08:20:38.327Z] [ERROR] Failed to process test-plan-bmw-service-development-status-mevd17.2-bn2020.pdf: Invalid count value: -25 
[2026-03-28T08:20:38.423Z] [INFO] Generated index: src/content/pdf-html/index.html 
[2026-03-28T08:20:38.423Z] [INFO] ======================================== 
[2026-03-28T08:20:38.423Z] [INFO] Processed: 0 PDFs 
[2026-03-28T08:20:38.423Z] [INFO] Skipped: 430 PDFs 
[2026-03-28T08:20:38.423Z] [INFO] Failed: 38 PDFs 
[2026-03-28T08:20:38.423Z] [INFO] Total pages: 0 
[2026-03-28T08:20:38.423Z] [INFO] Output: /home/stefan/Projects/ecudocs.com/src/content/pdf-html 
[2026-03-28T08:20:38.423Z] [INFO] ======================================== 
[2026-03-28T08:23:04.266Z] [INFO] Checking system dependencies... 
[2026-03-28T08:23:04.273Z] [INFO]   ✓ pdfinfo found at /usr/bin/pdfinfo 
[2026-03-28T08:23:04.276Z] [WARN]   - pdf2html not found (optional) 
[2026-03-28T08:23:04.278Z] [INFO]   ✓ pdftohtml found at /usr/bin/pdftohtml 
[2026-03-28T08:23:04.280Z] [WARN]   - pdf2htmlEX not found (optional) 
[2026-03-28T08:23:04.280Z] [INFO] Using tool: pdftohtml 
[2026-03-28T08:23:04.280Z] [INFO] Input: /home/stefan/Projects/ecudocs.com/src/content/pdfs 
[2026-03-28T08:23:04.280Z] [INFO] Output: /home/stefan/Projects/ecudocs.com/src/content/pdf-html 
[2026-03-28T08:23:04.280Z] [INFO] Parallel workers: 1 
[2026-03-28T08:23:04.281Z] [INFO] Found 253 PDF files 
[2026-03-28T08:23:04.294Z] [INFO] Skipping -E90-Driver-Info-Systems.qxd - already converted (use --force to overwrite) 
[2026-03-28T08:23:04.305Z] [INFO] Skipping 01-Basic-Measuring-Techniques.qxd - already converted (use --force to overwrite) 
[2026-03-28T08:23:04.317Z] [INFO] Skipping 01-Brake-Systems - already converted (use --force to overwrite) 
[2026-03-28T08:23:04.330Z] [INFO] Skipping 01-Brake-Systems_1 - already converted (use --force to overwrite) 
[2026-03-28T08:23:04.341Z] [INFO] Skipping 01-Brake-Systems_1_2 - already converted (use --force to overwrite) 
[2026-03-28T08:23:04.352Z] [INFO] Skipping 01-E70-LCI - already converted (use --force to overwrite) 
[2026-03-28T08:23:04.364Z] [INFO] Skipping 01-E70-LCI_1 - already converted (use --force to overwrite) 
[2026-03-28T08:23:04.374Z] [INFO] Skipping 01-E70-LCI_1_2 - already converted (use --force to overwrite) 
[2026-03-28T08:23:04.384Z] [INFO] Skipping 01-E90-Complete-Vehicle.qxd - already converted (use --force to overwrite) 
[2026-03-28T08:23:04.396Z] [INFO] Skipping 01-M-Heritage - already converted (use --force to overwrite) 
[2026-03-28T08:23:04.407Z] [INFO] Skipping 02a-Multiple-Restraint-Systems.qxd - already converted (use --force to overwrite) 
[2026-03-28T08:23:04.420Z] [INFO] Skipping 02b-E90-Multiple-Restraint-System-5.qxd - already converted (use --force to overwrite) 
[2026-03-28T08:23:04.432Z] [INFO] Skipping 06a-E90-General-Vehicle-Electrical.qxd - already converted (use --force to overwrite) 
[2026-03-28T08:23:04.444Z] [INFO] Skipping 06b-E90-General-Vehicle-Electrical-II.qxd - already converted (use --force to overwrite) 
[2026-03-28T08:23:04.455Z] [INFO] Skipping 1-complete-vehicle.qxd - already converted (use --force to overwrite) 
[2026-03-28T08:23:04.466Z] [INFO] Skipping 12-E46-M3-Running-Gear.qxd - already converted (use --force to overwrite) 
[2026-03-28T08:23:04.477Z] [INFO] Skipping AutoManual-Vehicle-Specs-Interior-Exterior-Systems - already converted (use --force to overwrite) 
[2026-03-28T08:23:04.487Z] [INFO] Skipping AutomatedVehicleSystemsOverview-04-07 - already converted (use --force to overwrite) 
[2026-03-28T08:23:04.499Z] [INFO] Skipping B46-Engine - already converted (use --force to overwrite) 
[2026-03-28T08:23:04.511Z] [INFO] Skipping BMW-3-Series-LCI-Technical-Training-Manual - already converted (use --force to overwrite) 
[2026-03-28T08:23:04.522Z] [INFO] Skipping BMW-B46TU-B48TU-Engines-Technical-Training-April-2017 - already converted (use --force to overwrite) 
[2026-03-28T08:23:04.533Z] [INFO] Skipping BMW-B57-Engine-Training-Manual-June-2015 - already converted (use --force to overwrite) 
[2026-03-28T08:23:04.544Z] [INFO] Skipping BMW-B58-Engine-Training-Manual-April-2015 - already converted (use --force to overwrite) 
[2026-03-28T08:23:04.556Z] [INFO] Skipping BMW-Driver-Assistance-Systems-2018 - already converted (use --force to overwrite) 
[2026-03-28T08:23:04.567Z] [INFO] Skipping BMW-F10-Chassis-Dynamics-Service-Manual - already converted (use --force to overwrite) 
[2026-03-28T08:23:04.579Z] [INFO] Skipping BMW-F10-DAS-General-Information-Nov-2009 - already converted (use --force to overwrite) 
[2026-03-28T08:23:04.591Z] [INFO] Skipping BMW-F10-Displays-Indicators-Controls-Service-Manual-December2009 - already converted (use --force to overwrite) 
[2026-03-28T08:23:04.603Z] [INFO] Skipping BMW-F10-Gen-VE-Symbols-Guide-Dec2009 - already converted (use --force to overwrite) 
[2026-03-28T08:23:04.614Z] [INFO] Skipping BMW-F10-Passive-Safety-Systems-Manual - already converted (use --force to overwrite) 
[2026-03-28T08:23:04.627Z] [INFO] Skipping BMW-F10-Powertrain-Service-Manual-December-2009 - already converted (use --force to overwrite) 
[2026-03-28T08:23:04.638Z] [INFO] Skipping BMW-F10-Service-Manual-Entertainment-Communication-December2009 - already converted (use --force to overwrite) 
[2026-03-28T08:23:04.649Z] [INFO] Skipping BMW-F22-F23-F87-LCI-TechnicalTraining-March2017 - already converted (use --force to overwrite) 
[2026-03-28T08:23:04.660Z] [INFO] Skipping BMW-F23-Complete-Vehicle-Technical-Training-September-2014 - already converted (use --force to overwrite) 
[2026-03-28T08:23:04.673Z] [INFO] Skipping BMW-F25-LCI-F26-Complete-Vehicle-Technical-Training-March-2014 - already converted (use --force to overwrite) 
[2026-03-28T08:23:04.684Z] [INFO] Skipping BMW-F33-Complete-Vehicle-Training-Manual-November2013 - already converted (use --force to overwrite) 
[2026-03-28T08:23:04.696Z] [INFO] Skipping BMW-F34-Complete-Vehicle-Technical-Training-March2013 - already converted (use --force to overwrite) 
[2026-03-28T08:23:04.706Z] [INFO] Skipping BMW-F34-LCI-TechnicalTraining-Manual - already converted (use --force to overwrite) 
[2026-03-28T08:23:04.718Z] [INFO] Skipping BMW-F39-Complete-Vehicle-Training-Manual-Oct2017 - already converted (use --force to overwrite) 
[2026-03-28T08:23:04.730Z] [INFO] Skipping BMW-F85-F86-Training-Manual-November-2014 - already converted (use --force to overwrite) 
[2026-03-28T08:23:04.747Z] [INFO] Skipping BMW-F90-Training-Manual-September-2017 - already converted (use --force to overwrite) 
[2026-03-28T08:23:04.760Z] [INFO] Skipping BMW-G02-Complete-Vehicle-Training-Manual - already converted (use --force to overwrite) 
[2026-03-28T08:23:04.772Z] [INFO] Skipping BMW-G05-Driver-Assistance-Systems-July2018 - already converted (use --force to overwrite) 
[2026-03-28T08:23:04.785Z] [INFO] Skipping BMW-G05-GeneralVehicleElectronics-TrainingManual-July2018 - already converted (use --force to overwrite) 
[2026-03-28T08:23:04.797Z] [INFO] Skipping BMW-G05-Infotainment-Technical-Training-July2018 - already converted (use --force to overwrite) 
[2026-03-28T08:23:04.807Z] [INFO] Skipping BMW-G12-LCI-PHEV-High-voltage-Battery-Training-Manual-November-2018 - already converted (use --force to overwrite) 
[2026-03-28T08:23:04.818Z] [INFO] Skipping BMW-G12-LCI-PHEV-High-voltage-Components-Technical-Training - already converted (use --force to overwrite) 
[2026-03-28T08:23:04.828Z] [INFO] Skipping BMW-G12-LCI-Training-Manual-January-2019 - already converted (use --force to overwrite) 
[2026-03-28T08:23:04.839Z] [INFO] Skipping BMW-G14-Technical-Training-November-2018 - already converted (use --force to overwrite) 
[2026-03-28T08:23:04.849Z] [INFO] Skipping BMW-G15-Displays-Controls-Technical-Training-June-2018 - already converted (use --force to overwrite) 
[2026-03-28T08:23:04.861Z] [INFO] Skipping BMW-G15-Driver-Assistance-Systems-June2018 - already converted (use --force to overwrite) 
[2026-03-28T08:23:04.872Z] [INFO] Skipping BMW-G15-General-Vehicle-Electronics-Training-Manual-June2018 - already converted (use --force to overwrite) 
[2026-03-28T08:23:04.884Z] [INFO] Skipping BMW-G15-Infotainment-Technical-Training-June2018 - already converted (use --force to overwrite) 
[2026-03-28T08:23:04.894Z] [INFO] Skipping BMW-G15-Training-Manual-June2018 - already converted (use --force to overwrite) 
[2026-03-28T08:23:04.905Z] [INFO] Skipping BMW-G29-GeneralVehicleElectronics-TechnicalTraining-October2018 - already converted (use --force to overwrite) 
[2026-03-28T08:23:04.917Z] [INFO] Skipping BMW-G30-PHEV-Update-March2019 - already converted (use --force to overwrite) 
[2026-03-28T08:23:04.929Z] [INFO] Skipping BMW-General-Vehicle-Electronics-2018-Training-Manual - already converted (use --force to overwrite) 
[2026-03-28T08:23:04.940Z] [INFO] Skipping BMW-Infotainment-2016-Technical-Training-Guide - already converted (use --force to overwrite) 
[2026-03-28T08:23:04.951Z] [INFO] Skipping BMW-Infotainment-2018-Technical-Training-Manual - already converted (use --force to overwrite) 
[2026-03-28T08:23:04.963Z] [INFO] Skipping BMW-Model-Identification-Guide-06-08 - already converted (use --force to overwrite) 
[2026-03-28T08:23:04.974Z] [INFO] Skipping BMW-N47TU-Engine-TechnicalTraining-Manual - already converted (use --force to overwrite) 
[2026-03-28T08:23:04.986Z] [INFO] Skipping BMW-N57TU-Engine-Technical-Training-Manual - already converted (use --force to overwrite) 
[2026-03-28T08:23:04.998Z] [INFO] Skipping BMW-N63TU2-Engine-TechnicalTraining-May2015 - already converted (use --force to overwrite) 
[2026-03-28T08:23:05.009Z] [INFO] Skipping BMW-N63TU3-Engine-TechnicalTraining-July2018 - already converted (use --force to overwrite) 
[2026-03-28T08:23:05.020Z] [INFO] Skipping BMW-N74TU-Engine-Technical-Training-Manual-June-2016 - already converted (use --force to overwrite) 
[2026-03-28T08:23:05.030Z] [INFO] Skipping BMW-N74TU2-Engine-Technical-Training-November-2018 - already converted (use --force to overwrite) 
[2026-03-28T08:23:05.040Z] [INFO] Skipping BMW-RDC-Tool-Technical-Training-Nov2018 - already converted (use --force to overwrite) 
[2026-03-28T08:23:05.052Z] [INFO] Skipping BMW-S55-Engine-BV-72-Training-Manual-March-2014 - already converted (use --force to overwrite) 
[2026-03-28T08:23:05.063Z] [INFO] Skipping BMW-S58-Engine-Training-Manual-February-2019 - already converted (use --force to overwrite) 
[2026-03-28T08:23:05.073Z] [INFO] Skipping BMW-SCR3-US-Training-Manual-Sept2016 - already converted (use --force to overwrite) 
[2026-03-28T08:23:05.083Z] [INFO] Skipping BMW-SP41-High-Voltage-Battery-Training-March2019 - already converted (use --force to overwrite) 
[2026-03-28T08:23:05.094Z] [INFO] Skipping BMW-SeriesIdentification-Table-06-08 - already converted (use --force to overwrite) 
[2026-03-28T08:23:05.104Z] [INFO] Skipping BMW-Service-Displays-Controls-2018-Training-Manual - already converted (use --force to overwrite) 
[2026-03-28T08:23:05.114Z] [INFO] Skipping BMW-Service-Headunit-High-Manual-March2012 - already converted (use --force to overwrite) 
[2026-03-28T08:23:05.126Z] [INFO] Skipping BMW-Service-Manual-02-06 - already converted (use --force to overwrite) 
[2026-03-28T08:23:05.137Z] [INFO] Skipping BMW-Suspension-Systems.qxd - already converted (use --force to overwrite) 
[2026-03-28T08:23:05.148Z] [INFO] Skipping BMW-Technician-Manual-v2.06 - already converted (use --force to overwrite) 
[2026-03-28T08:23:05.159Z] [INFO] Skipping BMW-X3-2018-Technical-Specifications - already converted (use --force to overwrite) 
[2026-03-28T08:23:05.173Z] [INFO] Skipping BWM-B58TU-Engine-TechnicalTraining-July2018 - already converted (use --force to overwrite) 
[2026-03-28T08:23:05.185Z] [INFO] Skipping BWM-F80F82-Complete-Vehicle-Technical-Training-March2014 - already converted (use --force to overwrite) 
[2026-03-28T08:23:05.195Z] [INFO] Skipping Basic-DiagnosticCertification-BDC - already converted (use --force to overwrite) 
[2026-03-28T08:23:05.207Z] [INFO] Skipping Basic-Measuring-Techniques-New-07-01-Basic-Measuring-Techniques.qxd - already converted (use --force to overwrite) 
[2026-03-28T08:23:05.219Z] [INFO] Skipping Basic-Measuring-Techniques-New-07-01-Basic-Measuring-Techniques.qxd_1 - already converted (use --force to overwrite) 
[2026-03-28T08:23:05.230Z] [INFO] Skipping Basic-Measuring-Techniques-New-07-01-Basic-Measuring-Techniques.qxd_1_2 - already converted (use --force to overwrite) 
[2026-03-28T08:23:05.241Z] [INFO] Skipping Basic-Measuring-Techniques-New-07-01-Basic-Measuring-Techniques.qxd_1_2_3 - already converted (use --force to overwrite) 
[2026-03-28T08:23:05.253Z] [INFO] Skipping Basic-Measuring-Techniques-New-07-01-Basic-Measuring-Techniques.qxd_1_2_3_4 - already converted (use --force to overwrite) 
[2026-03-28T08:23:05.265Z] [INFO] Skipping Basic-Measuring-Techniques-New-07-01-Basic-Measuring-Techniques.qxd_1_2_3_4_5 - already converted (use --force to overwrite) 
[2026-03-28T08:23:05.277Z] [INFO] Skipping Basic-Measuring-Techniques-New-07-01-Basic-Measuring-Techniques.qxd_1_2_3_4_5_6 - already converted (use --force to overwrite) 
[2026-03-28T08:23:05.288Z] [INFO] Skipping Basic-Measuring-Techniques-New-07-01-Basic-Measuring-Techniques.qxd_1_2_3_4_5_6_7 - already converted (use --force to overwrite) 
[2026-03-28T08:23:05.299Z] [INFO] Skipping Basic-Suspension-Geometry.qxd - already converted (use --force to overwrite) 
[2026-03-28T08:23:05.310Z] [INFO] Skipping Byteflight-Safety-Systems.qxd - already converted (use --force to overwrite) 
[2026-03-28T08:23:05.320Z] [INFO] Skipping CompleteVehicleG05TrainingManual-BMWNA-2018 - already converted (use --force to overwrite) 
[2026-03-28T08:23:05.330Z] [INFO] Skipping E60-M5-E64-M6-Automatic-Soft-Close-Function-Guide - already converted (use --force to overwrite) 
[2026-03-28T08:23:05.342Z] [INFO] Skipping E90-Climate-Control.qxd - already converted (use --force to overwrite) 
[2026-03-28T08:23:05.353Z] [INFO] Skipping E90-Dynamic-Driving-Systems.qxd - already converted (use --force to overwrite) 
[2026-03-28T08:23:05.364Z] [INFO] Skipping E90-Entertain-and-Communication.qxd - already converted (use --force to overwrite) 
[2026-03-28T08:23:05.374Z] [INFO] Skipping E90-Multiple-Restraint-System-5.qxd - already converted (use --force to overwrite) 
[2026-03-28T08:23:05.386Z] [INFO] Skipping E90-Powertrain.qxd - already converted (use --force to overwrite) 
[2026-03-28T08:23:05.396Z] [INFO] Skipping E90-Suspension--Chassis.qxd - already converted (use --force to overwrite) 
[2026-03-28T08:23:05.407Z] [INFO] Skipping E90-Voltage-Supply-and-Bus.qxd - already converted (use --force to overwrite) 
[2026-03-28T08:23:05.420Z] [INFO] Skipping E9x-3-Series-(non-M)-Wheel--Tire-Fitment-Guide--APEX-Race-Parts - already converted (use --force to overwrite) 
[2026-03-28T08:23:05.432Z] [INFO] Skipping EE-Overview - already converted (use --force to overwrite) 
[2026-03-28T08:23:05.444Z] [INFO] Skipping EE-Overview_1 - already converted (use --force to overwrite) 
[2026-03-28T08:23:05.456Z] [INFO] Skipping EE-Overview_1_2 - already converted (use --force to overwrite) 
[2026-03-28T08:23:05.468Z] [INFO] Skipping EE-Overview_1_2_3 - already converted (use --force to overwrite) 
[2026-03-28T08:23:05.479Z] [INFO] Skipping EE-Overview_1_2_3_4 - already converted (use --force to overwrite) 
[2026-03-28T08:23:05.491Z] [INFO] Skipping EE-Overview_1_2_3_4_5 - already converted (use --force to overwrite) 
[2026-03-28T08:23:05.502Z] [INFO] Skipping EE-Overview_1_2_3_4_5_6 - already converted (use --force to overwrite) 
[2026-03-28T08:23:05.511Z] [INFO] Skipping EE-Overview_1_2_3_4_5_6_7 - already converted (use --force to overwrite) 
[2026-03-28T08:23:05.523Z] [INFO] Skipping EE-Overview_1_2_3_4_5_6_7_8 - already converted (use --force to overwrite) 
[2026-03-28T08:23:05.533Z] [INFO] Skipping EE-Overview_1_2_3_4_5_6_7_8_9 - already converted (use --force to overwrite) 
[2026-03-28T08:23:05.544Z] [INFO] Skipping EE-Overview_1_2_3_4_5_6_7_8_9_10 - already converted (use --force to overwrite) 
[2026-03-28T08:23:05.556Z] [INFO] Skipping Engine-Diagnosis.qxd - already converted (use --force to overwrite) 
[2026-03-28T08:23:05.568Z] [INFO] Skipping F01H-F02H-Complete-Vehicle.pdf - already converted (use --force to overwrite) 
[2026-03-28T08:23:05.581Z] [INFO] Skipping F04-Complete-Vehicle-Technical-Training-Manual-v2010 - already converted (use --force to overwrite) 
[2026-03-28T08:23:05.594Z] [INFO] Skipping F07-Complete-Vehicle - already converted (use --force to overwrite) 
[2026-03-28T08:23:05.609Z] [INFO] Skipping F07-Complete-Vehicle_1_2 - already converted (use --force to overwrite) 
[2026-03-28T08:23:05.623Z] [INFO] Skipping F10H-Complete-Vehicle.pdf - already converted (use --force to overwrite) 
[2026-03-28T08:23:05.635Z] [INFO] Skipping F30-PHEV-HV-Battery-Unit - already converted (use --force to overwrite) 
[2026-03-28T08:23:05.647Z] [INFO] Skipping F30-PHEV-HV-Components - already converted (use --force to overwrite) 
[2026-03-28T08:23:05.658Z] [INFO] Skipping F30H-Complete-Vehicle.pdf - already converted (use --force to overwrite) 
[2026-03-28T08:23:05.671Z] [INFO] Skipping F48-Chassis-and-Suspension - already converted (use --force to overwrite) 
[2026-03-28T08:23:05.682Z] [INFO] Skipping F48-Displays-and-Controls - already converted (use --force to overwrite) 
[2026-03-28T08:23:05.692Z] [INFO] Skipping F48-Driver-Assistance-Systems - already converted (use --force to overwrite) 
[2026-03-28T08:23:05.703Z] [INFO] Skipping F48-General-Vehicle-Electronics - already converted (use --force to overwrite) 
[2026-03-28T08:23:05.713Z] [INFO] Skipping F48-Information-and-Communication - already converted (use --force to overwrite) 
[2026-03-28T08:23:05.725Z] [INFO] Skipping F48-Introduction - already converted (use --force to overwrite) 
[2026-03-28T08:23:05.735Z] [INFO] Skipping F48-Introduction_1 - already converted (use --force to overwrite) 
[2026-03-28T08:23:05.745Z] [INFO] Skipping F48-Passive-Safety-Systems - already converted (use --force to overwrite) 
[2026-03-28T08:23:05.756Z] [INFO] Skipping F48-Powertrain - already converted (use --force to overwrite) 
[2026-03-28T08:23:05.766Z] [INFO] Skipping F82-GTS-Complete-Vehicle - already converted (use --force to overwrite) 
[2026-03-28T08:23:05.777Z] [INFO] Skipping F87-Complete-Vehicle - already converted (use --force to overwrite) 
[2026-03-28T08:23:05.789Z] [INFO] Skipping FB-E70-N52KP-MSV80-MY2007-en-only.pdf - already converted (use --force to overwrite) 
[2026-03-28T08:23:05.799Z] [INFO] Skipping FBMW-F10-Service-Manual-December-2009 - already converted (use --force to overwrite) 
[2026-03-28T08:23:05.811Z] [INFO] Skipping Features-and-Technology-07-18-Design-Revision - already converted (use --force to overwrite) 
[2026-03-28T08:23:05.822Z] [INFO] Skipping Fundamentals-of-Coding-and-Programming-05-06 - already converted (use --force to overwrite) 
[2026-03-28T08:23:05.833Z] [INFO] Skipping G05-Displays-Controls-Technical-Training-July-2018 - already converted (use --force to overwrite) 
[2026-03-28T08:23:05.843Z] [INFO] Skipping G12-Audio-Systems - already converted (use --force to overwrite) 
[2026-03-28T08:23:05.855Z] [INFO] Skipping G12-Chassis-and-Suspension - already converted (use --force to overwrite) 
[2026-03-28T08:23:05.867Z] [INFO] Skipping G12-Chassis-and-Suspension_1 - already converted (use --force to overwrite) 
[2026-03-28T08:23:05.877Z] [INFO] Skipping G12-Climate-Control-Systems - already converted (use --force to overwrite) 
[2026-03-28T08:23:05.887Z] [INFO] Skipping G12-Climate-Control_1 - already converted (use --force to overwrite) 
[2026-03-28T08:23:05.898Z] [INFO] Skipping G12-Displays-and-Controls - already converted (use --force to overwrite) 
[2026-03-28T08:23:05.910Z] [INFO] Skipping G12-Driver-Assistance-Systems - already converted (use --force to overwrite) 
[2026-03-28T08:23:05.923Z] [INFO] Skipping G12-General-Vehicle-Electronics - already converted (use --force to overwrite) 
[2026-03-28T08:23:05.936Z] [INFO] Skipping G12-General-Vehicle-Electronics_1 - already converted (use --force to overwrite) 
[2026-03-28T08:23:05.948Z] [INFO] Skipping G12-General-Vehicle-Electronics_1_2 - already converted (use --force to overwrite) 
[2026-03-28T08:23:05.959Z] [INFO] Skipping G12-Introduction - already converted (use --force to overwrite) 
[2026-03-28T08:23:05.970Z] [INFO] Skipping G12-Introduction_1 - already converted (use --force to overwrite) 
[2026-03-28T08:23:05.981Z] [INFO] Skipping G12-Introduction_1_2 - already converted (use --force to overwrite) 
[2026-03-28T08:23:05.992Z] [INFO] Skipping G12-LCI-PHEV-Complete-Vehicle-Training-Manual-2019 - already converted (use --force to overwrite) 
[2026-03-28T08:23:06.003Z] [INFO] Skipping G12-Navigation - already converted (use --force to overwrite) 
[2026-03-28T08:23:06.013Z] [INFO] Skipping G12-Passive-Safety-Systems - already converted (use --force to overwrite) 
[2026-03-28T08:23:06.024Z] [INFO] Skipping G12-Passive-Safety-Systems_1 - already converted (use --force to overwrite) 
[2026-03-28T08:23:06.035Z] [INFO] Skipping G12-Powertrain - already converted (use --force to overwrite) 
[2026-03-28T08:23:06.047Z] [INFO] Skipping G12-Powertrain_1 - already converted (use --force to overwrite) 
[2026-03-28T08:23:06.058Z] [INFO] Skipping G12-Rear-Seat-Entertainment - already converted (use --force to overwrite) 
[2026-03-28T08:23:06.069Z] [INFO] Skipping G12-Telephone - already converted (use --force to overwrite) 
[2026-03-28T08:23:06.079Z] [INFO] Skipping G12-Voltage-Supply-and-Bus-Systems - already converted (use --force to overwrite) 
[2026-03-28T08:23:06.093Z] [INFO] Skipping G12-Voltage-Supply-and-Bus-Systems_1 - already converted (use --force to overwrite) 
[2026-03-28T08:23:06.104Z] [INFO] Skipping G30-Chassis-and-Suspension - already converted (use --force to overwrite) 
[2026-03-28T08:23:06.114Z] [INFO] Skipping G30-Climate-Control - already converted (use --force to overwrite) 
[2026-03-28T08:23:06.125Z] [INFO] Skipping G30-Displays-and-Controls - already converted (use --force to overwrite) 
[2026-03-28T08:23:06.137Z] [INFO] Skipping G30-Driver-Assistance-Systems - already converted (use --force to overwrite) 
[2026-03-28T08:23:06.147Z] [INFO] Skipping G30-General-Vehicle-Electronics - already converted (use --force to overwrite) 
[2026-03-28T08:23:06.159Z] [INFO] Skipping G30-Infotainment - already converted (use --force to overwrite) 
[2026-03-28T08:23:06.172Z] [INFO] Skipping G30-Introduction-and-Body - already converted (use --force to overwrite) 
[2026-03-28T08:23:06.184Z] [INFO] Skipping G30-Navigation - already converted (use --force to overwrite) 
[2026-03-28T08:23:06.195Z] [INFO] Skipping G30-Passive-Safety-Systems - already converted (use --force to overwrite) 
[2026-03-28T08:23:06.207Z] [INFO] Skipping G30-Powertrain - already converted (use --force to overwrite) 
[2026-03-28T08:23:06.219Z] [INFO] Skipping G30-Telephone-and-Telematics - already converted (use --force to overwrite) 
[2026-03-28T08:23:06.230Z] [INFO] Skipping G30-Voltage-Supply-and-Bus-Systems - already converted (use --force to overwrite) 
[2026-03-28T08:23:06.241Z] [INFO] Skipping G32-Complete-Vehicle-BMW-Training-Manual-June2017 - already converted (use --force to overwrite) 
[2026-03-28T08:23:06.251Z] [INFO] Skipping Glossary.qxd - already converted (use --force to overwrite) 
[2026-03-28T08:23:06.261Z] [INFO] Skipping HDRadio-Operation-Guide-v1.0 - already converted (use --force to overwrite) 
[2026-03-28T08:23:06.273Z] [INFO] Skipping High-Beam-Assistant - already converted (use --force to overwrite) 
[2026-03-28T08:23:06.285Z] [INFO] Skipping ICOM-Integrated-Communication-Optical-Module-Manual - already converted (use --force to overwrite) 
[2026-03-28T08:23:06.295Z] [INFO] Skipping IMIB-Integrated-Measurement-Interface-Box-Manual - already converted (use --force to overwrite) 
[2026-03-28T08:23:06.306Z] [INFO] Skipping ISIS-Rack-Cabinet-Manual - already converted (use --force to overwrite) 
[2026-03-28T08:23:06.317Z] [INFO] Skipping IntegratedServiceAccessPoint-Introduction-3 - already converted (use --force to overwrite) 
[2026-03-28T08:23:06.327Z] [INFO] Skipping Intro-to-Passive-Safety.qxd - already converted (use --force to overwrite) 
[2026-03-28T08:23:06.339Z] [INFO] Skipping Introduction-NewProgrammingSystem-01-09 - already converted (use --force to overwrite) 
[2026-03-28T08:23:06.351Z] [INFO] Skipping Introduction-to-Chassis-Dynamics.qxd - already converted (use --force to overwrite) 
[2026-03-28T08:23:06.363Z] [INFO] Skipping Introduction-to-Chassis-Dynamics.qxd_1 - already converted (use --force to overwrite) 
[2026-03-28T08:23:06.375Z] [INFO] Skipping Introduction-to-Chassis-Dynamics.qxd_1_2 - already converted (use --force to overwrite) 
[2026-03-28T08:23:06.387Z] [INFO] Skipping Introduction-to-Chassis-Dynamics.qxd_1_2_3 - already converted (use --force to overwrite) 
[2026-03-28T08:23:06.401Z] [INFO] Skipping Introduction-to-Chassis-Dynamics.qxd_1_2_3_4 - already converted (use --force to overwrite) 
[2026-03-28T08:23:06.415Z] [INFO] Skipping Introduction-to-Chassis-Dynamics.qxd_1_2_3_4_5 - already converted (use --force to overwrite) 
[2026-03-28T08:23:06.429Z] [INFO] Skipping Introduction-to-Chassis-Dynamics.qxd_1_2_3_4_5_6 - already converted (use --force to overwrite) 
[2026-03-28T08:23:06.441Z] [INFO] Skipping Introduction-to-Chassis-Dynamics.qxd_1_2_3_4_5_6_7 - already converted (use --force to overwrite) 
[2026-03-28T08:23:06.453Z] [INFO] Skipping LaneDepartureWarningSystem-Overview-04-07 - already converted (use --force to overwrite) 
[2026-03-28T08:23:06.465Z] [INFO] Skipping M-Engines-S62B50-Technical-Overview - already converted (use --force to overwrite) 
[2026-03-28T08:23:06.477Z] [INFO] Skipping MSV70-Engine-Electronics.qxd - already converted (use --force to overwrite) 
[2026-03-28T08:23:06.488Z] [INFO] Skipping Microsoft-Word---Lifetime-Maintenance-Schedule-v03.13 - already converted (use --force to overwrite) 
[2026-03-28T08:23:06.499Z] [INFO] Skipping Multimeter-DisplayRange-Oscilloscope-Settings-30April2023 - already converted (use --force to overwrite) 
[2026-03-28T08:23:06.509Z] [INFO] Skipping N52-Engine.qxd - already converted (use --force to overwrite) 
[2026-03-28T08:23:06.520Z] [INFO] Skipping N55-Engine - already converted (use --force to overwrite) 
[2026-03-28T08:23:06.530Z] [INFO] Skipping N62-Engine-Update.qxd - already converted (use --force to overwrite) 
[2026-03-28T08:23:06.541Z] [INFO] Skipping N74-Engine - already converted (use --force to overwrite) 
[2026-03-28T08:23:06.553Z] [INFO] Skipping Principles-of-Hybrid-Technology.pdf - already converted (use --force to overwrite) 
[2026-03-28T08:23:06.563Z] [INFO] Skipping PuMA-Production-Measures-Management-Aftersales - already converted (use --force to overwrite) 
[2026-03-28T08:23:06.573Z] [INFO] Skipping Road-Force-Balancing.qxd - already converted (use --force to overwrite) 
[2026-03-28T08:23:06.583Z] [INFO] Skipping Rollover-Protection-Systems.qxd - already converted (use --force to overwrite) 
[2026-03-28T08:23:06.593Z] [INFO] Skipping SMG-II.pdf - already converted (use --force to overwrite) 
[2026-03-28T08:23:06.603Z] [INFO] Skipping ST1313-Cover-RM-2-ST1212-Cover-RM - already converted (use --force to overwrite) 
[2026-03-28T08:23:06.613Z] [INFO] Skipping ST1401-Cover-RM.qxd - already converted (use --force to overwrite) 
[2026-03-28T08:23:06.623Z] [INFO] Skipping ST1412-Cover-RM-ST1412-Cover-RM - already converted (use --force to overwrite) 
[2026-03-28T08:23:06.633Z] [INFO] Skipping ST1600-Cover - already converted (use --force to overwrite) 
[2026-03-28T08:23:06.643Z] [INFO] Skipping ST1604-Cover - already converted (use --force to overwrite) 
[2026-03-28T08:23:06.655Z] [INFO] Skipping ST1607-Cover-RM-ST1201-Cover-RM.qxd - already converted (use --force to overwrite) 
[2026-03-28T08:23:06.668Z] [INFO] Skipping ST1607-Cover-RM-ST1201-Cover-RM.qxd_1 - already converted (use --force to overwrite) 
[2026-03-28T08:23:06.680Z] [INFO] Skipping ST1607-Cover-RM-ST1201-Cover-RM.qxd_1_2 - already converted (use --force to overwrite) 
[2026-03-28T08:23:06.691Z] [INFO] Skipping ST1701-Cover.qxd - already converted (use --force to overwrite) 
[2026-03-28T08:23:06.701Z] [INFO] Skipping ST1701-Cover.qxd_1 - already converted (use --force to overwrite) 
[2026-03-28T08:23:06.711Z] [INFO] Skipping ST1701-Cover.qxd_1_2 - already converted (use --force to overwrite) 
[2026-03-28T08:23:06.723Z] [INFO] Skipping ST1701-Cover.qxd_1_2_3 - already converted (use --force to overwrite) 
[2026-03-28T08:23:06.735Z] [INFO] Skipping ST1701-Cover.qxd_1_2_3_4 - already converted (use --force to overwrite) 
[2026-03-28T08:23:06.745Z] [INFO] Skipping ST1701-Cover.qxd_1_2_3_4_5 - already converted (use --force to overwrite) 
[2026-03-28T08:23:06.756Z] [INFO] Skipping ST1701-Cover.qxd_1_2_3_4_5_6 - already converted (use --force to overwrite) 
[2026-03-28T08:23:06.766Z] [INFO] Skipping ST1701-Cover.qxd_1_2_3_4_5_6_7 - already converted (use --force to overwrite) 
[2026-03-28T08:23:06.776Z] [INFO] Skipping ST1701-Cover.qxd_1_2_3_4_5_6_7_8 - already converted (use --force to overwrite) 
[2026-03-28T08:23:06.787Z] [INFO] Skipping ST1701-Cover.qxd_1_2_3_4_5_6_7_8_9 - already converted (use --force to overwrite) 
[2026-03-28T08:23:06.798Z] [INFO] Skipping ST1701-Cover.qxd_1_2_3_4_5_6_7_8_9_10 - already converted (use --force to overwrite) 
[2026-03-28T08:23:06.810Z] [INFO] Skipping ST1701-Cover.qxd_1_2_3_4_5_6_7_8_9_10_11 - already converted (use --force to overwrite) 
[2026-03-28T08:23:06.821Z] [INFO] Skipping ST1701-Cover.qxd_1_2_3_4_5_6_7_8_9_10_11_12 - already converted (use --force to overwrite) 
[2026-03-28T08:23:06.833Z] [INFO] Skipping ST1908-Cover-RM-ST1908-Cover-RM.qxd - already converted (use --force to overwrite) 
[2026-03-28T08:23:06.844Z] [INFO] Skipping ST1908-Cover-RM-ST1908-Cover-RM.qxd_1 - already converted (use --force to overwrite) 
[2026-03-28T08:23:06.857Z] [INFO] Skipping ST603-Intro-to-Diesel-Technology-WB - already converted (use --force to overwrite) 
[2026-03-28T08:23:06.869Z] [INFO] Skipping Table-of-contents - already converted (use --force to overwrite) 
[2026-03-28T08:23:06.880Z] [INFO] Skipping Technical-Training-F39-X2-M35i-Transmission-October-2017 - already converted (use --force to overwrite) 
[2026-03-28T08:23:06.891Z] [INFO] Skipping Technical-Training-G15-Complete-Vehicle-Manual-BMW-NA-2018 - already converted (use --force to overwrite) 
[2026-03-28T08:23:06.902Z] [INFO] Skipping USB-Interface-Manual-BMW-E9x-E70-E6x - already converted (use --force to overwrite) 
[2026-03-28T08:23:06.913Z] [INFO] Skipping UnderstandingDiagnosticsPlan-0506 - already converted (use --force to overwrite) 
[2026-03-28T08:23:06.926Z] [INFO] Skipping Wheel-Alignment-Procedures.qxd - already converted (use --force to overwrite) 
[2026-03-28T08:23:06.941Z] [INFO] Skipping brake-instructions-bmw-3series-2008 - already converted (use --force to overwrite) 
[2026-03-28T08:23:06.952Z] [INFO] Skipping cruise-control-braking-function-system-overview-v4-07-2023 - already converted (use --force to overwrite) 
[2026-03-28T08:23:06.963Z] [INFO] Skipping dme-MS-S54.qxd - already converted (use --force to overwrite) 
[2026-03-28T08:23:06.973Z] [INFO] Skipping dme-MS-S54.qxd_1 - already converted (use --force to overwrite) 
[2026-03-28T08:23:06.985Z] [INFO] Skipping dme-MS-S54.qxd_1_2 - already converted (use --force to overwrite) 
[2026-03-28T08:23:06.996Z] [INFO] Skipping emissions-overview-emission-standards - already converted (use --force to overwrite) 
[2026-03-28T08:23:07.006Z] [INFO] Skipping isid-user-manual-v1.0 - already converted (use --force to overwrite) 
[2026-03-28T08:23:07.018Z] [INFO] Skipping ista-workshop-manual-v1.0 - already converted (use --force to overwrite) 
[2026-03-28T08:23:07.030Z] [INFO] Skipping m5-MS-S52.qxd - already converted (use --force to overwrite) 
[2026-03-28T08:23:07.040Z] [INFO] Skipping motorsport-engines-S54.qxd - already converted (use --force to overwrite) 
[2026-03-28T08:23:07.051Z] [INFO] Skipping service-manual-summary-20XX-pdf - already converted (use --force to overwrite) 
[2026-03-28T08:23:07.062Z] [INFO] Skipping technical-training-bmw-g05-powertrain-chassis-info-july-2018 - already converted (use --force to overwrite) 
[2026-03-28T08:23:07.074Z] [INFO] Skipping technical-training-bmw-g29-body-info-october-2018 - already converted (use --force to overwrite) 
[2026-03-28T08:23:07.084Z] [INFO] Skipping technical-training-bmw-service-manual-may2018 - already converted (use --force to overwrite) 
[2026-03-28T08:23:07.095Z] [INFO] Skipping technical-training-f97-f98-complete-vehicle-info-bmw-pdf - already converted (use --force to overwrite) 
[2026-03-28T08:23:07.105Z] [INFO] Skipping technical-training-g05-body-bmw-product-info-july2018 - already converted (use --force to overwrite) 
[2026-03-28T08:23:07.118Z] [INFO] Skipping technical-training-g15-body-bmw-service-june-2018 - already converted (use --force to overwrite) 
[2026-03-28T08:23:07.131Z] [INFO] Skipping technical-training-g29-powertrain-chassis-october-2018 - already converted (use --force to overwrite) 
[2026-03-28T08:23:07.176Z] [INFO] Skipping test-plan-BMW-Service-Throttle-Valve-Fault - already converted (use --force to overwrite) 
[2026-03-28T08:23:07.209Z] [INFO] Skipping test-plan-bmw-service-development-status-mevd17.2-bn2020 - already converted (use --force to overwrite) 
[2026-03-28T08:23:07.285Z] [INFO] Generated index: src/content/pdf-html/index.html 
[2026-03-28T08:23:07.285Z] [INFO] ======================================== 
[2026-03-28T08:23:07.285Z] [INFO] Processed: 0 PDFs 
[2026-03-28T08:23:07.285Z] [INFO] Skipped: 506 PDFs 
[2026-03-28T08:23:07.285Z] [INFO] Failed: 0 PDFs 
[2026-03-28T08:23:07.285Z] [INFO] Total pages: 0 
[2026-03-28T08:23:07.285Z] [INFO] Output: /home/stefan/Projects/ecudocs.com/src/content/pdf-html 
[2026-03-28T08:23:07.285Z] [INFO] ======================================== 
